Component: ARM Compiler 5.06 update 1 (build 61) Tool: armlink [4d35a8]

==============================================================================

Section Cross References

    startup_stm32f407xx.o(RESET) refers to startup_stm32f407xx.o(STACK) for __initial_sp
    startup_stm32f407xx.o(RESET) refers to startup_stm32f407xx.o(.text) for Reset_Handler
    startup_stm32f407xx.o(RESET) refers to stm32f4xx_it.o(i.NMI_Handler) for NMI_Handler
    startup_stm32f407xx.o(RESET) refers to stm32f4xx_it.o(i.HardFault_Handler) for HardFault_Handler
    startup_stm32f407xx.o(RESET) refers to stm32f4xx_it.o(i.MemManage_Handler) for MemManage_Handler
    startup_stm32f407xx.o(RESET) refers to stm32f4xx_it.o(i.BusFault_Handler) for BusFault_Handler
    startup_stm32f407xx.o(RESET) refers to stm32f4xx_it.o(i.UsageFault_Handler) for UsageFault_Handler
    startup_stm32f407xx.o(RESET) refers to port.o(.emb_text) for SVC_Handler
    startup_stm32f407xx.o(RESET) refers to stm32f4xx_it.o(i.DebugMon_Handler) for DebugMon_Handler
    startup_stm32f407xx.o(RESET) refers to cmsis_os2.o(i.SysTick_Handler) for SysTick_Handler
    startup_stm32f407xx.o(RESET) refers to stm32f4xx_it.o(i.TIM4_IRQHandler) for TIM4_IRQHandler
    startup_stm32f407xx.o(RESET) refers to timer.o(i.TIM6_DAC_IRQHandler) for TIM6_DAC_IRQHandler
    startup_stm32f407xx.o(RESET) refers to timer.o(i.TIM7_IRQHandler) for TIM7_IRQHandler
    startup_stm32f407xx.o(.text) refers to system_stm32f4xx.o(i.SystemInit) for SystemInit
    startup_stm32f407xx.o(.text) refers to entry.o(.ARM.Collect$$$$00000000) for __main
    main.o(i.HAL_TIM_PeriodElapsedCallback) refers to stm32f4xx_hal.o(i.HAL_IncTick) for HAL_IncTick
    main.o(i.SystemClock_Config) refers to stm32f4xx_ll_utils.o(i.LL_SetSystemCoreClock) for LL_SetSystemCoreClock
    main.o(i.SystemClock_Config) refers to stm32f4xx_hal_timebase_tim.o(i.HAL_InitTick) for HAL_InitTick
    main.o(i.main) refers to stm32f4xx_hal.o(i.HAL_Init) for HAL_Init
    main.o(i.main) refers to key.o(i.Key_Init) for Key_Init
    main.o(i.main) refers to main.o(i.SystemClock_Config) for SystemClock_Config
    main.o(i.main) refers to gpio.o(i.MX_GPIO_Init) for MX_GPIO_Init
    main.o(i.main) refers to usart.o(i.MX_USART1_UART_Init) for MX_USART1_UART_Init
    main.o(i.main) refers to delay.o(i.delay_init) for delay_init
    main.o(i.main) refers to cmsis_os2.o(i.osKernelInitialize) for osKernelInitialize
    main.o(i.main) refers to freertos.o(i.MX_FREERTOS_Init) for MX_FREERTOS_Init
    main.o(i.main) refers to cmsis_os2.o(i.osKernelStart) for osKernelStart
    gpio.o(i.MX_GPIO_Init) refers to memseta.o(.text) for __aeabi_memclr4
    gpio.o(i.MX_GPIO_Init) refers to gpio.o(i.LL_AHB1_GRP1_EnableClock) for LL_AHB1_GRP1_EnableClock
    gpio.o(i.MX_GPIO_Init) refers to stm32f4xx_ll_gpio.o(i.LL_GPIO_Init) for LL_GPIO_Init
    freertos.o(i.Key_Task) refers to key.o(i.Key_GetNum) for Key_GetNum
    freertos.o(i.Key_Task) refers to cmsis_os2.o(i.osDelay) for osDelay
    freertos.o(i.MX_FREERTOS_Init) refers to user_tasksinit.o(i.User_Tasks_Init) for User_Tasks_Init
    usart.o(i.MX_USART1_UART_Init) refers to memseta.o(.text) for __aeabi_memclr4
    usart.o(i.MX_USART1_UART_Init) refers to stm32f4xx_ll_gpio.o(i.LL_GPIO_Init) for LL_GPIO_Init
    usart.o(i.MX_USART1_UART_Init) refers to stm32f4xx_ll_usart.o(i.LL_USART_Init) for LL_USART_Init
    stm32f4xx_it.o(i.TIM4_IRQHandler) refers to stm32f4xx_hal_tim.o(i.HAL_TIM_IRQHandler) for HAL_TIM_IRQHandler
    stm32f4xx_it.o(i.TIM4_IRQHandler) refers to stm32f4xx_hal_timebase_tim.o(.bss) for htim4
    stm32f4xx_hal_msp.o(i.HAL_MspInit) refers to stm32f4xx_hal_cortex.o(i.HAL_NVIC_SetPriority) for HAL_NVIC_SetPriority
    stm32f4xx_hal_timebase_tim.o(i.HAL_InitTick) refers to stm32f4xx_hal_rcc.o(i.HAL_RCC_GetClockConfig) for HAL_RCC_GetClockConfig
    stm32f4xx_hal_timebase_tim.o(i.HAL_InitTick) refers to stm32f4xx_hal_rcc.o(i.HAL_RCC_GetPCLK1Freq) for HAL_RCC_GetPCLK1Freq
    stm32f4xx_hal_timebase_tim.o(i.HAL_InitTick) refers to stm32f4xx_hal_tim.o(i.HAL_TIM_Base_Init) for HAL_TIM_Base_Init
    stm32f4xx_hal_timebase_tim.o(i.HAL_InitTick) refers to stm32f4xx_hal_tim.o(i.HAL_TIM_Base_Start_IT) for HAL_TIM_Base_Start_IT
    stm32f4xx_hal_timebase_tim.o(i.HAL_InitTick) refers to stm32f4xx_hal_cortex.o(i.HAL_NVIC_EnableIRQ) for HAL_NVIC_EnableIRQ
    stm32f4xx_hal_timebase_tim.o(i.HAL_InitTick) refers to stm32f4xx_hal_cortex.o(i.HAL_NVIC_SetPriority) for HAL_NVIC_SetPriority
    stm32f4xx_hal_timebase_tim.o(i.HAL_InitTick) refers to stm32f4xx_hal_timebase_tim.o(.bss) for .bss
    stm32f4xx_hal_timebase_tim.o(i.HAL_InitTick) refers to stm32f4xx_hal.o(.data) for uwTickPrio
    stm32f4xx_hal_timebase_tim.o(i.HAL_ResumeTick) refers to stm32f4xx_hal_timebase_tim.o(.bss) for .bss
    stm32f4xx_hal_timebase_tim.o(i.HAL_SuspendTick) refers to stm32f4xx_hal_timebase_tim.o(.bss) for .bss
    timer.o(i.TIM6_DAC_IRQHandler) refers to printfa.o(i.__0printf) for __2printf
[...]
    ../clib/microlib/printf/printf.c         0x00000000   Number         0  printfb.o ABSOLUTE
    ../clib/microlib/printf/printf.c         0x00000000   Number         0  printf2.o ABSOLUTE
    ../clib/microlib/printf/printf.c         0x00000000   Number         0  printf1.o ABSOLUTE
    ../clib/microlib/printf/printf.c         0x00000000   Number         0  printf7.o ABSOLUTE
    ../clib/microlib/printf/printf.c         0x00000000   Number         0  printf3.o ABSOLUTE
    ../clib/microlib/printf/printf.c         0x00000000   Number         0  printf4.o ABSOLUTE
    ../clib/microlib/printf/printf.c         0x00000000   Number         0  printf5.o ABSOLUTE
    ../clib/microlib/printf/printf.c         0x00000000   Number         0  printf6.o ABSOLUTE
    ../clib/microlib/printf/printf.c         0x00000000   Number         0  printf0.o ABSOLUTE
    ../clib/microlib/printf/stubs.s          0x00000000   Number         0  stubs.o ABSOLUTE
    ../clib/microlib/stdio/streams.c         0x00000000   Number         0  stdout.o ABSOLUTE
    ../clib/microlib/string/memcpy.c         0x00000000   Number         0  memcpyb.o ABSOLUTE
    ../clib/microlib/string/memcpy.c         0x00000000   Number         0  memcpya.o ABSOLUTE
    ../clib/microlib/string/memset.c         0x00000000   Number         0  memseta.o ABSOLUTE
    ../clib/microlib/string/memset.c         0x00000000   Number         0  memset.o ABSOLUTE
    ../clib/microlib/string/strcmp.c         0x00000000   Number         0  strcmp.o ABSOLUTE
    ../clib/microlib/stubs.s                 0x00000000   Number         0  iusefp.o ABSOLUTE
    ../fplib/microlib/d2f.c                  0x00000000   Number         0  d2f.o ABSOLUTE
    ../fplib/microlib/fpadd.c                0x00000000   Number         0  dadd.o ABSOLUTE
    ../fplib/microlib/fpdiv.c                0x00000000   Number         0  ddiv.o ABSOLUTE
    ../fplib/microlib/fpepilogue.c           0x00000000   Number         0  fepilogue.o ABSOLUTE
    ../fplib/microlib/fpepilogue.c           0x00000000   Number         0  depilogue.o ABSOLUTE
    ../fplib/microlib/fpfix.c                0x00000000   Number         0  dfixul.o ABSOLUTE
    ../fplib/microlib/fpfix.c                0x00000000   Number         0  dfixi.o ABSOLUTE
    ../fplib/microlib/fpfix.c                0x00000000   Number         0  dfixui.o ABSOLUTE
    ../fplib/microlib/fpflt.c                0x00000000   Number         0  dflti.o ABSOLUTE
    ../fplib/microlib/fpflt.c                0x00000000   Number         0  dfltui.o ABSOLUTE
    ../fplib/microlib/fpmul.c                0x00000000   Number         0  dmul.o ABSOLUTE
    ../fplib/microlib/fpneg.c                0x00000000   Number         0  dneg.o ABSOLUTE
    ../fplib/microlib/fprnd.c                0x00000000   Number         0  drnd.o ABSOLUTE
    ../mathlib/atan.c                        0x00000000   Number         0  atan.o ABSOLUTE
    ../mathlib/atan.c                        0x00000000   Number         0  atan_x.o ABSOLUTE
    ../mathlib/atan2.c                       0x00000000   Number         0  atan2.o ABSOLUTE
    ../mathlib/atan2.c                       0x00000000   Number         0  atan2_x.o ABSOLUTE
    ../mathlib/dunder.c                      0x00000000   Number         0  dunder.o ABSOLUTE
    ../mathlib/fabs.c                        0x00000000   Number         0  fabs.o ABSOLUTE
    ../mathlib/fpclassify.c                  0x00000000   Number         0  fpclassify.o ABSOLUTE
    ../mathlib/poly.c                        0x00000000   Number         0  poly.o ABSOLUTE
    ../mathlib/qnan.c                        0x00000000   Number         0  qnan.o ABSOLUTE
    ../mathlib/round.c                       0x00000000   Number         0  round.o ABSOLUTE
    ..\BSP\AToD.c                            0x00000000   Number         0  atod.o ABSOLUTE
    ..\BSP\OLED.c                            0x00000000   Number         0  oled.o ABSOLUTE
    ..\BSP\OLED_Data.c                       0x00000000   Number         0  oled_data.o ABSOLUTE
    ..\BSP\Serial.c                          0x00000000   Number         0  serial.o ABSOLUTE
    ..\BSP\key.c                             0x00000000   Number         0  key.o ABSOLUTE
    ..\Core\Src\Timer.c                      0x00000000   Number         0  timer.o ABSOLUTE
    ..\Core\Src\freertos.c                   0x00000000   Number         0  freertos.o ABSOLUTE
    ..\Core\Src\gpio.c                       0x00000000   Number         0  gpio.o ABSOLUTE
    ..\Core\Src\main.c                       0x00000000   Number         0  main.o ABSOLUTE
    ..\Core\Src\stm32f4xx_hal_msp.c          0x00000000   Number         0  stm32f4xx_hal_msp.o ABSOLUTE
    ..\Core\Src\stm32f4xx_hal_timebase_tim.c 0x00000000   Number         0  stm32f4xx_hal_timebase_tim.o ABSOLUTE
    ..\Core\Src\stm32f4xx_it.c               0x00000000   Number         0  stm32f4xx_it.o ABSOLUTE
    ..\Core\Src\system_stm32f4xx.c           0x00000000   Number         0  system_stm32f4xx.o ABSOLUTE
    ..\Core\Src\usart.c                      0x00000000   Number         0  usart.o ABSOLUTE
    ..\Drivers\STM32F4xx_HAL_Driver\Src\stm32f4xx_hal.c 0x00000000   Number         0  stm32f4xx_hal.o ABSOLUTE
    ..\Drivers\STM32F4xx_HAL_Driver\Src\stm32f4xx_hal_cortex.c 0x00000000   Number         0  stm32f4xx_hal_cortex.o ABSOLUTE
    ..\Drivers\STM32F4xx_HAL_Driver\Src\stm32f4xx_hal_dma.c 0x00000000   Number         0  stm32f4xx_hal_dma.o ABSOLUTE
    ..\Drivers\STM32F4xx_HAL_Driver\Src\stm32f4xx_hal_dma_ex.c 0x00000000   Number         0  stm32f4xx_hal_dma_ex.o ABSOLUTE
    ..\Drivers\STM32F4xx_HAL_Driver\Src\stm32f4xx_hal_exti.c 0x00000000   Number         0  stm32f4xx_hal_exti.o ABSOLUTE
    ..\Drivers\STM32F4xx_HAL_Driver\Src\stm32f4xx_hal_flash.c 0x00000000   Number         0  stm32f4xx_hal_flash.o ABSOLUTE
    ..\Drivers\STM32F4xx_HAL_Driver\Src\stm32f4xx_hal_flash_ex.c 0x00000000   Number         0  stm32f4xx_hal_flash_ex.o ABSOLUTE
    ..\Drivers\STM32F4xx_HAL_Driver\Src\stm32f4xx_hal_flash_ramfunc.c 0x00000000   Number         0  stm32f4xx_hal_flash_ramfunc.o ABSOLUTE
    ..\Drivers\STM32F4xx_HAL_Driver\Src\stm32f4xx_hal_gpio.c 0x00000000   Number         0  stm32f4xx_hal_gpio.o ABSOLUTE
    ..\Drivers\STM32F4xx_HAL_Driver\Src\stm32f4xx_hal_pwr.c 0x00000000   Number         0  stm32f4xx_hal_pwr.o ABSOLUTE
    ..\Drivers\STM32F4xx_HAL_Driver\Src\stm32f4xx_hal_pwr_ex.c 0x00000000   Number         0  stm32f4xx_hal_pwr_ex.o ABSOLUTE
    ..\Drivers\STM32F4xx_HAL_Driver\Src\stm32f4xx_hal_rcc.c 0x00000000   Number         0  stm32f4xx_hal_rcc.o ABSOLUTE
    ..\Drivers\STM32F4xx_HAL_Driver\Src\stm32f4xx_hal_rcc_ex.c 0x00000000   Number         0  stm32f4xx_hal_rcc_ex.o ABSOLUTE
    ..\Drivers\STM32F4xx_HAL_Driver\Src\stm32f4xx_hal_tim.c 0x00000000   Number         0  stm32f4xx_hal_tim.o ABSOLUTE
    ..\Drivers\STM32F4xx_HAL_Driver\Src\stm32f4xx_hal_tim_ex.c 0x00000000   Number         0  stm32f4xx_hal_tim_ex.o ABSOLUTE
    ..\Drivers\STM32F4xx_HAL_Driver\Src\stm32f4xx_ll_adc.c 0x00000000   Number         0  stm32f4xx_ll_adc.o ABSOLUTE
    ..\Drivers\STM32F4xx_HAL_Driver\Src\stm32f4xx_ll_dma.c 0x00000000   Number         0  stm32f4xx_ll_dma.o ABSOLUTE
    ..\Drivers\STM32F4xx_HAL_Driver\Src\stm32f4xx_ll_exti.c 0x00000000   Number         0  stm32f4xx_ll_exti.o ABSOLUTE
    ..\Drivers\STM32F4xx_HAL_Driver\Src\stm32f4xx_ll_gpio.c 0x00000000   Number         0  stm32f4xx_ll_gpio.o ABSOLUTE
    ..\Drivers\STM32F4xx_HAL_Driver\Src\stm32f4xx_ll_rcc.c 0x00000000   Number         0  stm32f4xx_ll_rcc.o ABSOLUTE
    ..\Drivers\STM32F4xx_HAL_Driver\Src\stm32f4xx_ll_tim.c 0x00000000   Number         0  stm32f4xx_ll_tim.o ABSOLUTE
    ..\Drivers\STM32F4xx_HAL_Driver\Src\stm32f4xx_ll_usart.c 0x00000000   Number         0  stm32f4xx_ll_usart.o ABSOLUTE
    ..\Drivers\STM32F4xx_HAL_Driver\Src\stm32f4xx_ll_utils.c 0x00000000   Number         0  stm32f4xx_ll_utils.o ABSOLUTE
    ..\Middlewares\Third_Party\FreeRTOS\Source\CMSIS_RTOS_V2\cmsis_os2.c 0x00000000   Number         0  cmsis_os2.o ABSOLUTE
    ..\Middlewares\Third_Party\FreeRTOS\Source\portable\RVDS\ARM_CM4F\port.c 0x00000000   Number         0  port.o ABSOLUTE
    ..\SYSTEM\delay.c                        0x00000000   Number         0  delay.o ABSOLUTE
    ..\Tasks\Src\User_TasksInit.c            0x00000000   Number         0  user_tasksinit.o ABSOLUTE
    ..\\BSP\\AToD.c                          0x00000000   Number         0  atod.o ABSOLUTE
    ..\\BSP\\OLED.c                          0x00000000   Number         0  oled.o ABSOLUTE
    ..\\BSP\\key.c                           0x00000000   Number         0  key.o ABSOLUTE
    ..\\Core\\Src\\Timer.c                   0x00000000   Number         0  timer.o ABSOLUTE
    ..\\Drivers\\STM32F4xx_HAL_Driver\\Src\\stm32f4xx_ll_adc.c 0x00000000   Number         0  stm32f4xx_ll_adc.o ABSOLUTE
    ..\\Drivers\\STM32F4xx_HAL_Driver\\Src\\stm32f4xx_ll_tim.c 0x00000000   Number         0  stm32f4xx_ll_tim.o ABSOLUTE
    ..\\SYSTEM\\delay.c                      0x00000000   Number         0  delay.o ABSOLUTE
    ..\\Tasks\\Src\\User_TasksInit.c         0x00000000   Number         0  user_tasksinit.o ABSOLUTE
    cdcmple.s                                0x00000000   Number         0  cdcmple.o ABSOLUTE
    cdrcmple.s                               0x00000000   Number         0  cdrcmple.o ABSOLUTE
    dc.s                                     0x00000000   Number         0  dc.o ABSOLUTE
    handlers.s                               0x00000000   Number         0  handlers.o ABSOLUTE
    init.s                                   0x00000000   Number         0  init.o ABSOLUTE
    startup_stm32f407xx.s                    0x00000000   Number         0  startup_stm32f407xx.o ABSOLUTE
    RESET                                    0x08000000   Section      392  startup_stm32f407xx.o(RESET)
    .ARM.Collect$$$$00000000                 0x08000188   Section        0  entry.o(.ARM.Collect$$$$00000000)
    .ARM.Collect$$$$00000001                 0x08000188   Section        4  entry2.o(.ARM.Collect$$$$00000001)
    .ARM.Collect$$$$00000004                 0x0800018c   Section        4  entry5.o(.ARM.Collect$$$$00000004)
    .ARM.Collect$$$$00000008                 0x08000190   Section        0  entry7b.o(.ARM.Collect$$$$00000008)
    .ARM.Collect$$$$0000000A                 0x08000190   Section        0  entry8b.o(.ARM.Collect$$$$0000000A)
    .ARM.Collect$$$$0000000B                 0x08000190   Section        8  entry9a.o(.ARM.Collect$$$$0000000B)
    .ARM.Collect$$$$0000000D                 0x08000198   Section        0  entry10a.o(.ARM.Collect$$$$0000000D)
    .ARM.Collect$$$$0000000F                 0x08000198   Section        0  entry11a.o(.ARM.Collect$$$$0000000F)
    .ARM.Collect$$$$00002712                 0x08000198   Section        4  entry2.o(.ARM.Collect$$$$00002712)
    __lit__00000000                          0x08000198   Data           4  entry2.o(.ARM.Collect$$$$00002712)
    .emb_text                                0x0800019c   Section      190  port.o(.emb_text)
    $v0                                      0x0800019c   Number         0  port.o(.emb_text)
    .text                                    0x0800025c   Section       36  startup_stm32f407xx.o(.text)
    $v0                                      0x0800025c   Number         0  startup_stm32f407xx.o(.text)
    .text                                    0x08000280   Section        0  uldiv.o(.text)
    .text                                    0x080002e2   Section        0  memcpya.o(.text)
    .text                                    0x08000306   Section        0  memseta.o(.text)
    .text                                    0x0800032a   Section        0  dadd.o(.text)
    .text                                    0x08000478   Section        0  dmul.o(.text)
    .text                                    0x0800055c   Section        0  ddiv.o(.text)
    .text                                    0x0800063c   Section       48  cdrcmple.o(.text)
    .text                                    0x0800066c   Section        0  uidiv.o(.text)
    .text                                    0x08000698   Section        0  llshl.o(.text)
    .text                                    0x080006b6   Section        0  llushr.o(.text)
    .text                                    0x080006d6   Section        0  llsshr.o(.text)
    .text                                    0x080006fa   Section        0  depilogue.o(.text)
    .text                                    0x080006fa   Section        0  iusefp.o(.text)
    .text                                    0x080007b4   Section        0  dfixul.o(.text)
    .text                                    0x080007e4   Section       36  init.o(.text)
    i.BusFault_Handler                       0x08000808   Section        0  stm32f4xx_it.o(i.BusFault_Handler)
    i.DebugMon_Handler                       0x0800080a   Section        0  stm32f4xx_it.o(i.DebugMon_Handler)
    i.HAL_IncTick                            0x0800080c   Section        0  stm32f4xx_hal.o(i.HAL_IncTick)
    i.HAL_Init                               0x0800081c   Section        0  stm32f4xx_hal.o(i.HAL_Init)
    i.HAL_InitTick                           0x08000850   Section        0  stm32f4xx_hal_timebase_tim.o(i.HAL_InitTick)
    i.HAL_MspInit                            0x080008e8   Section        0  stm32f4xx_hal_msp.o(i.HAL_MspInit)
    i.HAL_NVIC_EnableIRQ                     0x08000920   Section        0  stm32f4xx_hal_cortex.o(i.HAL_NVIC_EnableIRQ)
    i.HAL_NVIC_SetPriority                   0x0800093c   Section        0  stm32f4xx_hal_cortex.o(i.HAL_NVIC_SetPriority)
    i.HAL_NVIC_SetPriorityGrouping           0x0800097c   Section        0  stm32f4xx_hal_cortex.o(i.HAL_NVIC_SetPriorityGrouping)
    i.HAL_RCC_GetClockConfig                 0x080009a0   Section        0  stm32f4xx_hal_rcc.o(i.HAL_RCC_GetClockConfig)
    i.HAL_RCC_GetPCLK1Freq                   0x080009e0   Section        0  stm32f4xx_hal_rcc.o(i.HAL_RCC_GetPCLK1Freq)
    i.HAL_TIMEx_BreakCallback                0x08000a00   Section        0  stm32f4xx_hal_tim_ex.o(i.HAL_TIMEx_BreakCallback)
    i.HAL_TIMEx_CommutCallback               0x08000a02   Section        0  stm32f4xx_hal_tim_ex.o(i.HAL_TIMEx_CommutCallback)
    i.HAL_TIM_Base_Init                      0x08000a04   Section        0  stm32f4xx_hal_tim.o(i.HAL_TIM_Base_Init)
    i.HAL_TIM_Base_MspInit                   0x08000a5e   Section        0  stm32f4xx_hal_tim.o(i.HAL_TIM_Base_MspInit)
    i.HAL_TIM_Base_Start                     0x08000a60   Section        0  stm32f4xx_hal_tim.o(i.HAL_TIM_Base_Start)
    i.HAL_TIM_Base_Start_IT                  0x08000ad8   Section        0  stm32f4xx_hal_tim.o(i.HAL_TIM_Base_Start_IT)
    i.HAL_TIM_IC_CaptureCallback             0x08000b58   Section        0  stm32f4xx_hal_tim.o(i.HAL_TIM_IC_CaptureCallback)
    i.HAL_TIM_IRQHandler                     0x08000b5a   Section        0  stm32f4xx_hal_tim.o(i.HAL_TIM_IRQHandler)
    i.HAL_TIM_OC_DelayElapsedCallback        0x08000c8a   Section        0  stm32f4xx_hal_tim.o(i.HAL_TIM_OC_DelayElapsedCallback)
    i.HAL_TIM_PWM_PulseFinishedCallback      0x08000c8c   Section        0  stm32f4xx_hal_tim.o(i.HAL_TIM_PWM_PulseFinishedCallback)
    i.HAL_TIM_PeriodElapsedCallback          0x08000c90   Section        0  main.o(i.HAL_TIM_PeriodElapsedCallback)
    i.HAL_TIM_TriggerCallback                0x08000ca4   Section        0  stm32f4xx_hal_tim.o(i.HAL_TIM_TriggerCallback)
    i.HardFault_Handler                      0x08000ca6   Section        0  stm32f4xx_it.o(i.HardFault_Handler)
    i.Key_Init                               0x08000ca8   Section        0  key.o(i.Key_Init)
    i.LEDToggle_Task                         0x08000ce4   Section        0  user_tasksinit.o(i.LEDToggle_Task)
    i.LL_AHB1_GRP1_EnableClock               0x08000d0c   Section        0  gpio.o(i.LL_AHB1_GRP1_EnableClock)
    LL_AHB1_GRP1_EnableClock                 0x08000d0d   Thumb Code    18  gpio.o(i.LL_AHB1_GRP1_EnableClock)
    i.LL_GPIO_Init                           0x08000d24   Section        0  stm32f4xx_ll_gpio.o(i.LL_GPIO_Init)
    i.LL_RCC_GetSystemClocksFreq             0x08000e5a   Section        0  stm32f4xx_ll_rcc.o(i.LL_RCC_GetSystemClocksFreq)
    i.LL_SetSystemCoreClock                  0x08000e7c   Section        0  stm32f4xx_ll_utils.o(i.LL_SetSystemCoreClock)
    i.LL_USART_Init                          0x08000e88   Section        0  stm32f4xx_ll_usart.o(i.LL_USART_Init)
    i.LL_USART_SetBaudRate                   0x08000f28   Section        0  stm32f4xx_ll_usart.o(i.LL_USART_SetBaudRate)
    LL_USART_SetBaudRate                     0x08000f29   Thumb Code   176  stm32f4xx_ll_usart.o(i.LL_USART_SetBaudRate)
    i.MX_FREERTOS_Init                       0x08000fd8   Section        0  freertos.o(i.MX_FREERTOS_Init)
    i.MX_GPIO_Init                           0x08000fdc   Section        0  gpio.o(i.MX_GPIO_Init)
    i.MX_USART1_UART_Init                    0x08001020   Section        0  usart.o(i.MX_USART1_UART_Init)
    i.MemManage_Handler                      0x080010c0   Section        0  stm32f4xx_it.o(i.MemManage_Handler)
    i.NMI_Handler                            0x080010c2   Section        0  stm32f4xx_it.o(i.NMI_Handler)
    i.RCC_GetHCLKClockFreq                   0x080010c4   Section        0  stm32f4xx_ll_rcc.o(i.RCC_GetHCLKClockFreq)
    i.RCC_GetPCLK1ClockFreq                  0x080010e0   Section        0  stm32f4xx_ll_rcc.o(i.RCC_GetPCLK1ClockFreq)
    i.RCC_GetPCLK2ClockFreq                  0x080010fc   Section        0  stm32f4xx_ll_rcc.o(i.RCC_GetPCLK2ClockFreq)
    i.RCC_GetSystemClockFreq                 0x08001118   Section        0  stm32f4xx_ll_rcc.o(i.RCC_GetSystemClockFreq)
    i.RCC_PLL_GetFreqDomain_SYS              0x08001144   Section        0  stm32f4xx_ll_rcc.o(i.RCC_PLL_GetFreqDomain_SYS)
    i.SerialSend_Task                        0x08001194   Section        0  user_tasksinit.o(i.SerialSend_Task)
    i.SysTick_Handler                        0x080015e4   Section        0  cmsis_os2.o(i.SysTick_Handler)
    i.SystemClock_Config                     0x08001600   Section        0  main.o(i.SystemClock_Config)
    i.SystemInit                             0x080016d4   Section        0  system_stm32f4xx.o(i.SystemInit)
    i.TIM4_IRQHandler                        0x080016e4   Section        0  stm32f4xx_it.o(i.TIM4_IRQHandler)
    i.TIM6_DAC_IRQHandler                    0x080016f0   Section        0  timer.o(i.TIM6_DAC_IRQHandler)
    i.TIM7_IRQHandler                        0x08001734   Section        0  timer.o(i.TIM7_IRQHandler)
    i.TIM_Base_SetConfig                     0x08001778   Section        0  stm32f4xx_hal_tim.o(i.TIM_Base_SetConfig)
    i.UsageFault_Handler                     0x08001850   Section        0  stm32f4xx_it.o(i.UsageFault_Handler)
    i.User_Tasks_Init                        0x08001854   Section        0  user_tasksinit.o(i.User_Tasks_Init)
    i.__0printf                              0x080018ac   Section        0  printfa.o(i.__0printf)
    i.__NVIC_SetPriority                     0x080018cc   Section        0  stm32f4xx_hal_cortex.o(i.__NVIC_SetPriority)
    __NVIC_SetPriority                       0x080018cd   Thumb Code    32  stm32f4xx_hal_cortex.o(i.__NVIC_SetPriority)
    i.__scatterload_copy                     0x080018ec   Section       14  handlers.o(i.__scatterload_copy)
    i.__scatterload_null                     0x080018fa   Section        2  handlers.o(i.__scatterload_null)
    i.__scatterload_zeroinit                 0x080018fc   Section       14  handlers.o(i.__scatterload_zeroinit)
    i._fp_digits                             0x0800190c   Section        0  printfa.o(i._fp_digits)
    _fp_digits                               0x0800190d   Thumb Code   334  printfa.o(i._fp_digits)
    i._printf_core                           0x08001a70   Section        0  printfa.o(i._printf_core)
    _printf_core                             0x08001a71   Thumb Code  1744  printfa.o(i._printf_core)
    i._printf_post_padding                   0x0800214c   Section        0  printfa.o(i._printf_post_padding)
    _printf_post_padding                     0x0800214d   Thumb Code    36  printfa.o(i._printf_post_padding)
    i._printf_pre_padding                    0x08002170   Section        0  printfa.o(i._printf_pre_padding)
    _printf_pre_padding                      0x08002171   Thumb Code    46  printfa.o(i._printf_pre_padding)
    i.delay_init                             0x080021a0   Section        0  delay.o(i.delay_init)
    i.fputc                                  0x080021ec   Section        0  usart.o(i.fputc)
    i.main                                   0x08002204   Section        0  main.o(i.main)
    i.osDelay                                0x0800222c   Section        0  cmsis_os2.o(i.osDelay)
    i.osKernelInitialize                     0x08002248   Section        0  cmsis_os2.o(i.osKernelInitialize)
    i.osKernelStart                          0x0800226c   Section        0  cmsis_os2.o(i.osKernelStart)
    i.prvAddCurrentTaskToDelayedList         0x080022a4   Section        0  tasks.o(i.prvAddCurrentTaskToDelayedList)
    prvAddCurrentTaskToDelayedList           0x080022a5   Thumb Code    84  tasks.o(i.prvAddCurrentTaskToDelayedList)
    i.prvAddNewTaskToReadyList               0x08002300   Section        0  tasks.o(i.prvAddNewTaskToReadyList)
    prvAddNewTaskToReadyList                 0x08002301   Thumb Code   190  tasks.o(i.prvAddNewTaskToReadyList)
    i.prvCheckForValidListAndQueue           0x080023d0   Section        0  timers.o(i.prvCheckForValidListAndQueue)
    prvCheckForValidListAndQueue             0x080023d1   Thumb Code    72  timers.o(i.prvCheckForValidListAndQueue)
    i.prvCopyDataFromQueue                   0x08002428   Section        0  queue.o(i.prvCopyDataFromQueue)
    prvCopyDataFromQueue                     0x08002429   Thumb Code    38  queue.o(i.prvCopyDataFromQueue)
    i.prvCopyDataToQueue                     0x0800244e   Section        0  queue.o(i.prvCopyDataToQueue)
    prvCopyDataToQueue                       0x0800244f   Thumb Code   108  queue.o(i.prvCopyDataToQueue)
    i.prvDeleteTCB                           0x080024ba   Section        0  tasks.o(i.prvDeleteTCB)
    prvDeleteTCB                             0x080024bb   Thumb Code    52  tasks.o(i.prvDeleteTCB)
    i.prvHeapInit                            0x080024f0   Section        0  heap_4.o(i.prvHeapInit)
    prvHeapInit                              0x080024f1   Thumb Code    66  heap_4.o(i.prvHeapInit)
    i.prvIdleTask                            0x0800253c   Section        0  tasks.o(i.prvIdleTask)
    prvIdleTask                              0x0800253d   Thumb Code    82  tasks.o(i.prvIdleTask)
    i.prvInitialiseNewQueue                  0x0800259c   Section        0  queue.o(i.prvInitialiseNewQueue)
    prvInitialiseNewQueue                    0x0800259d   Thumb Code    34  queue.o(i.prvInitialiseNewQueue)
    i.prvInitialiseNewTask                   0x080025c0   Section        0  tasks.o(i.prvInitialiseNewTask)
    prvInitialiseNewTask                     0x080025c1   Thumb Code   176  tasks.o(i.prvInitialiseNewTask)
    i.prvInsertBlockIntoFreeList             0x08002670   Section        0  heap_4.o(i.prvInsertBlockIntoFreeList)
    prvInsertBlockIntoFreeList               0x08002671   Thumb Code    72  heap_4.o(i.prvInsertBlockIntoFreeList)
    i.prvInsertTimerInActiveList             0x080026bc   Section        0  timers.o(i.prvInsertTimerInActiveList)
    prvInsertTimerInActiveList               0x080026bd   Thumb Code    52  timers.o(i.prvInsertTimerInActiveList)
    i.prvIsQueueEmpty                        0x080026f4   Section        0  queue.o(i.prvIsQueueEmpty)
    prvIsQueueEmpty                          0x080026f5   Thumb Code    28  queue.o(i.prvIsQueueEmpty)
    i.prvProcessReceivedCommands             0x08002710   Section        0  timers.o(i.prvProcessReceivedCommands)
    prvProcessReceivedCommands               0x08002711   Thumb Code   248  timers.o(i.prvProcessReceivedCommands)
    i.prvProcessTimerOrBlockTask             0x0800280c   Section        0  timers.o(i.prvProcessTimerOrBlockTask)
    prvProcessTimerOrBlockTask               0x0800280d   Thumb Code   182  timers.o(i.prvProcessTimerOrBlockTask)
    i.prvResetNextTaskUnblockTime            0x080028cc   Section        0  tasks.o(i.prvResetNextTaskUnblockTime)
    prvResetNextTaskUnblockTime              0x080028cd   Thumb Code    26  tasks.o(i.prvResetNextTaskUnblockTime)
    i.prvSampleTimeNow                       0x080028ec   Section        0  timers.o(i.prvSampleTimeNow)
    prvSampleTimeNow                         0x080028ed   Thumb Code    36  timers.o(i.prvSampleTimeNow)
    i.prvSwitchTimerLists                    0x08002914   Section        0  timers.o(i.prvSwitchTimerLists)
    prvSwitchTimerLists                      0x08002915   Thumb Code   104  timers.o(i.prvSwitchTimerLists)
    i.prvTaskExitError                       0x08002980   Section        0  port.o(i.prvTaskExitError)
    prvTaskExitError                         0x08002981   Thumb Code    36  port.o(i.prvTaskExitError)
    i.prvTimerTask                           0x080029a8   Section        0  timers.o(i.prvTimerTask)
    prvTimerTask                             0x080029a9   Thumb Code    32  timers.o(i.prvTimerTask)
    i.prvUnlockQueue                         0x080029cc   Section        0  queue.o(i.prvUnlockQueue)
    prvUnlockQueue                           0x080029cd   Thumb Code   106  queue.o(i.prvUnlockQueue)
    i.pvPortMalloc                           0x08002a38   Section        0  heap_4.o(i.pvPortMalloc)
    i.pxPortInitialiseStack                  0x08002b14   Section        0  port.o(i.pxPortInitialiseStack)
    i.uxListRemove                           0x08002b40   Section        0  list.o(i.uxListRemove)
    i.vApplicationGetIdleTaskMemory          0x08002b68   Section        0  cmsis_os2.o(i.vApplicationGetIdleTaskMemory)
    i.vApplicationGetTimerTaskMemory         0x08002b7c   Section        0  cmsis_os2.o(i.vApplicationGetTimerTaskMemory)
    i.vListInitialise                        0x08002b94   Section        0  list.o(i.vListInitialise)
    i.vListInitialiseItem                    0x08002baa   Section        0  list.o(i.vListInitialiseItem)
    i.vListInsert                            0x08002bb0   Section        0  list.o(i.vListInsert)
    i.vListInsertEnd                         0x08002be0   Section        0  list.o(i.vListInsertEnd)
    i.vPortEnterCritical                     0x08002bf8   Section        0  port.o(i.vPortEnterCritical)
    i.vPortExitCritical                      0x08002c38   Section        0  port.o(i.vPortExitCritical)
    i.vPortFree                              0x08002c60   Section        0  heap_4.o(i.vPortFree)
    i.vPortSetupTimerInterrupt               0x08002cc4   Section        0  port.o(i.vPortSetupTimerInterrupt)
    i.vPortValidateInterruptPriority         0x08002ce8   Section        0  port.o(i.vPortValidateInterruptPriority)
    i.vQueueAddToRegistry                    0x08002d3c   Section        0  queue.o(i.vQueueAddToRegistry)
    i.vQueueWaitForMessageRestricted         0x08002d64   Section        0  queue.o(i.vQueueWaitForMessageRestricted)
    i.vTaskDelay                             0x08002da8   Section        0  tasks.o(i.vTaskDelay)
    i.vTaskInternalSetTimeOutState           0x08002df4   Section        0  tasks.o(i.vTaskInternalSetTimeOutState)
    i.vTaskMissedYield                       0x08002e04   Section        0  tasks.o(i.vTaskMissedYield)
    i.vTaskPlaceOnEventList                  0x08002e10   Section        0  tasks.o(i.vTaskPlaceOnEventList)
    i.vTaskPlaceOnEventListRestricted        0x08002e40   Section        0  tasks.o(i.vTaskPlaceOnEventListRestricted)
    i.vTaskStartScheduler                    0x08002e78   Section        0  tasks.o(i.vTaskStartScheduler)
    i.vTaskSuspendAll                        0x08002f00   Section        0  tasks.o(i.vTaskSuspendAll)
    i.vTaskSwitchContext                     0x08002f10   Section        0  tasks.o(i.vTaskSwitchContext)
    i.xPortStartScheduler                    0x08002f74   Section        0  port.o(i.xPortStartScheduler)
    i.xPortSysTickHandler                    0x08003068   Section        0  port.o(i.xPortSysTickHandler)
    i.xQueueGenericCreateStatic              0x08003094   Section        0  queue.o(i.xQueueGenericCreateStatic)
    i.xQueueGenericReset                     0x080030fc   Section        0  queue.o(i.xQueueGenericReset)
    i.xQueueGenericSend                      0x08003184   Section        0  queue.o(i.xQueueGenericSend)
    i.xQueueGenericSendFromISR               0x080032e4   Section        0  queue.o(i.xQueueGenericSendFromISR)
    i.xQueueReceive                          0x080033a4   Section        0  queue.o(i.xQueueReceive)
    i.xTaskCheckForTimeOut                   0x080034dc   Section        0  tasks.o(i.xTaskCheckForTimeOut)
    i.xTaskCreate                            0x08003550   Section        0  tasks.o(i.xTaskCreate)
    i.xTaskCreateStatic                      0x080035aa   Section        0  tasks.o(i.xTaskCreateStatic)
    i.xTaskGetSchedulerState                 0x08003600   Section        0  tasks.o(i.xTaskGetSchedulerState)
    i.xTaskGetTickCount                      0x0800361c   Section        0  tasks.o(i.xTaskGetTickCount)
    i.xTaskIncrementTick                     0x08003628   Section        0  tasks.o(i.xTaskIncrementTick)
    i.xTaskPriorityDisinherit                0x080036f0   Section        0  tasks.o(i.xTaskPriorityDisinherit)
    i.xTaskRemoveFromEventList               0x08003770   Section        0  tasks.o(i.xTaskRemoveFromEventList)
    i.xTaskResumeAll                         0x080037e0   Section        0  tasks.o(i.xTaskResumeAll)
    i.xTimerCreateTimerTask                  0x080038a4   Section        0  timers.o(i.xTimerCreateTimerTask)
    i.xTimerGenericCommand                   0x08003904   Section        0  timers.o(i.xTimerGenericCommand)
    .constdata                               0x0800396c   Section       16  system_stm32f4xx.o(.constdata)
    .constdata                               0x0800397c   Section        8  system_stm32f4xx.o(.constdata)
    .conststring                             0x08003984   Section      560  user_tasksinit.o(.conststring)
    .data                                    0x20000000   Section       12  stm32f4xx_hal.o(.data)
    .data                                    0x2000000c   Section        4  system_stm32f4xx.o(.data)
    .data                                    0x20000010   Section       60  tasks.o(.data)
    uxDeletedTasksWaitingCleanUp             0x20000014   Data           4  tasks.o(.data)
    uxCurrentNumberOfTasks                   0x20000018   Data           4  tasks.o(.data)
    xTickCount                               0x2000001c   Data           4  tasks.o(.data)
    uxTopReadyPriority                       0x20000020   Data           4  tasks.o(.data)
    xSchedulerRunning                        0x20000024   Data           4  tasks.o(.data)
    xPendedTicks                             0x20000028   Data           4  tasks.o(.data)
    xYieldPending                            0x2000002c   Data           4  tasks.o(.data)
    xNumOfOverflows                          0x20000030   Data           4  tasks.o(.data)
    uxTaskNumber                             0x20000034   Data           4  tasks.o(.data)
    xNextTaskUnblockTime                     0x20000038   Data           4  tasks.o(.data)
    xIdleTaskHandle                          0x2000003c   Data           4  tasks.o(.data)
    uxSchedulerSuspended                     0x20000040   Data           4  tasks.o(.data)
    pxDelayedTaskList                        0x20000044   Data           4  tasks.o(.data)
    pxOverflowDelayedTaskList                0x20000048   Data           4  tasks.o(.data)
    .data                                    0x2000004c   Section       20  timers.o(.data)
    xTimerQueue                              0x2000004c   Data           4  timers.o(.data)
    xTimerTaskHandle                         0x20000050   Data           4  timers.o(.data)
    xLastTime                                0x20000054   Data           4  timers.o(.data)
    pxCurrentTimerList                       0x20000058   Data           4  timers.o(.data)
    pxOverflowTimerList                      0x2000005c   Data           4  timers.o(.data)
    .data                                    0x20000060   Section        4  cmsis_os2.o(.data)
    KernelState                              0x20000060   Data           4  cmsis_os2.o(.data)
    .data                                    0x20000064   Section       32  heap_4.o(.data)
    pxEnd                                    0x20000064   Data           4  heap_4.o(.data)
    xFreeBytesRemaining                      0x20000068   Data           4  heap_4.o(.data)
    xMinimumEverFreeBytesRemaining           0x2000006c   Data           4  heap_4.o(.data)
    xNumberOfSuccessfulAllocations           0x20000070   Data           4  heap_4.o(.data)
    xNumberOfSuccessfulFrees                 0x20000074   Data           4  heap_4.o(.data)
    xBlockAllocatedBit                       0x20000078   Data           4  heap_4.o(.data)
    xStart                                   0x2000007c   Data           8  heap_4.o(.data)
    .data                                    0x20000084   Section       12  port.o(.data)
    ucMaxSysCallPriority                     0x20000084   Data           1  port.o(.data)
    uxCriticalNesting                        0x20000088   Data           4  port.o(.data)
    ulMaxPRIGROUPValue                       0x2000008c   Data           4  port.o(.data)
    .data                                    0x20000090   Section        4  delay.o(.data)
    g_fac_us                                 0x20000090   Data           4  delay.o(.data)
    .data                                    0x20000094   Section        8  user_tasksinit.o(.data)
    .data                                    0x2000009c   Section        4  stdout.o(.data)
    .bss                                     0x200000a0   Section       72  stm32f4xx_hal_timebase_tim.o(.bss)
    .bss                                     0x200000e8   Section       64  queue.o(.bss)
    .bss                                     0x20000128   Section     1220  tasks.o(.bss)
    pxReadyTasksLists                        0x20000128   Data        1120  tasks.o(.bss)
    xDelayedTaskList1                        0x20000588   Data          20  tasks.o(.bss)
    xDelayedTaskList2                        0x2000059c   Data          20  tasks.o(.bss)
    xPendingReadyList                        0x200005b0   Data          20  tasks.o(.bss)
    xTasksWaitingTermination                 0x200005c4   Data          20  tasks.o(.bss)
    xSuspendedTaskList                       0x200005d8   Data          20  tasks.o(.bss)
    .bss                                     0x200005ec   Section      280  timers.o(.bss)
    xStaticTimerQueue                        0x200005ec   Data          80  timers.o(.bss)
    ucStaticTimerQueueStorage                0x2000063c   Data         160  timers.o(.bss)
    xActiveTimerList1                        0x200006dc   Data          20  timers.o(.bss)
    xActiveTimerList2                        0x200006f0   Data          20  timers.o(.bss)
    .bss                                     0x20000704   Section     1720  cmsis_os2.o(.bss)
    Idle_TCB                                 0x20000704   Data          92  cmsis_os2.o(.bss)
    Idle_Stack                               0x20000760   Data         512  cmsis_os2.o(.bss)
    Timer_TCB                                0x20000960   Data          92  cmsis_os2.o(.bss)
    Timer_Stack                              0x200009bc   Data        1024  cmsis_os2.o(.bss)
    .bss                                     0x20000dbc   Section    15360  heap_4.o(.bss)
    ucHeap                                   0x20000dbc   Data       15360  heap_4.o(.bss)
    .bss                                     0x200049bc   Section       80  user_tasksinit.o(.bss)
    STACK                                    0x20004a10   Section     1024  startup_stm32f407xx.o(STACK)

    Global Symbols

    Symbol Name                              Value     Ov Type        Size  Object(Section)

    BuildAttributes$$THM_ISAv4$E$P$D$K$B$S$7EM$VFPi3$EXTD16$VFPS$VFMA$PE$A:L22UL41UL21$X:L11$S22US41US21$IEEE1$IW$USESV6$~STKCKD$USESV7$~SHL$OTIME$ROPI$IEEEX$EBA8$MICROLIB$REQ8$PRES8$EABIv2 0x00000000   Number         0  anon$$obj.o ABSOLUTE
    __ARM_use_no_argv                        0x00000000   Number         0  main.o ABSOLUTE
    _printf_a                                0x00000000   Number         0  stubs.o ABSOLUTE
    _printf_c                                0x00000000   Number         0  stubs.o ABSOLUTE
    _printf_charcount                        0x00000000   Number         0  stubs.o ABSOLUTE
    _printf_d                                0x00000000   Number         0  stubs.o ABSOLUTE
    _printf_e                                0x00000000   Number         0  stubs.o ABSOLUTE
    _printf_f                                0x00000000   Number         0  stubs.o ABSOLUTE
    _printf_flags                            0x00000000   Number         0  stubs.o ABSOLUTE
    _printf_fp_dec                           0x00000000   Number         0  stubs.o ABSOLUTE
    _printf_fp_hex                           0x00000000   Number         0  stubs.o ABSOLUTE
    _printf_g                                0x00000000   Number         0  stubs.o ABSOLUTE
    _printf_i                                0x00000000   Number         0  stubs.o ABSOLUTE
    _printf_int_dec                          0x00000000   Number         0  stubs.o ABSOLUTE
    _printf_l                                0x00000000   Number         0  stubs.o ABSOLUTE
    _printf_lc                               0x00000000   Number         0  stubs.o ABSOLUTE
    _printf_ll                               0x00000000   Number         0  stubs.o ABSOLUTE
    _printf_lld                              0x00000000   Number         0  stubs.o ABSOLUTE
    _printf_lli                              0x00000000   Number         0  stubs.o ABSOLUTE
    _printf_llo                              0x00000000   Number         0  stubs.o ABSOLUTE
    _printf_llu                              0x00000000   Number         0  stubs.o ABSOLUTE
    _printf_llx                              0x00000000   Number         0  stubs.o ABSOLUTE
    _printf_longlong_dec                     0x00000000   Number         0  stubs.o ABSOLUTE
    _printf_longlong_hex                     0x00000000   Number         0  stubs.o ABSOLUTE
    _printf_longlong_oct                     0x00000000   Number         0  stubs.o ABSOLUTE
    _printf_ls                               0x00000000   Number         0  stubs.o ABSOLUTE
    _printf_mbtowc                           0x00000000   Number         0  stubs.o ABSOLUTE
    _printf_n                                0x00000000   Number         0  stubs.o ABSOLUTE
    _printf_o                                0x00000000   Number         0  stubs.o ABSOLUTE
    _printf_p                                0x00000000   Number         0  stubs.o ABSOLUTE
    _printf_percent                          0x00000000   Number         0  stubs.o ABSOLUTE
    _printf_pre_padding                      0x00000000   Number         0  stubs.o ABSOLUTE
    _printf_return_value                     0x00000000   Number         0  stubs.o ABSOLUTE
    _printf_s                                0x00000000   Number         0  stubs.o ABSOLUTE
    _printf_sizespec                         0x00000000   Number         0  stubs.o ABSOLUTE
    _printf_str                              0x00000000   Number         0  stubs.o ABSOLUTE
    _printf_truncate_signed                  0x00000000   Number         0  stubs.o ABSOLUTE
    _printf_truncate_unsigned                0x00000000   Number         0  stubs.o ABSOLUTE
    _printf_u                                0x00000000   Number         0  stubs.o ABSOLUTE
    _printf_wc                               0x00000000   Number         0  stubs.o ABSOLUTE
    _printf_wctomb                           0x00000000   Number         0  stubs.o ABSOLUTE
    _printf_widthprec                        0x00000000   Number         0  stubs.o ABSOLUTE
    _printf_x                                0x00000000   Number         0  stubs.o ABSOLUTE
    __cpp_initialize__aeabi_                  - Undefined Weak Reference
    __cxa_finalize                            - Undefined Weak Reference
    __decompress                              - Undefined Weak Reference
    _clock_init                               - Undefined Weak Reference
    _microlib_exit                            - Undefined Weak Reference
    __Vectors_Size                           0x00000188   Number         0  startup_stm32f407xx.o ABSOLUTE
    __Vectors                                0x08000000   Data           4  startup_stm32f407xx.o(RESET)
    __Vectors_End                            0x08000188   Data           0  startup_stm32f407xx.o(RESET)
    __main                                   0x08000189   Thumb Code     0  entry.o(.ARM.Collect$$$$00000000)
    _main_stk                                0x08000189   Thumb Code     0  entry2.o(.ARM.Collect$$$$00000001)
    _main_scatterload                        0x0800018d   Thumb Code     0  entry5.o(.ARM.Collect$$$$00000004)
    __main_after_scatterload                 0x08000191   Thumb Code     0  entry5.o(.ARM.Collect$$$$00000004)
    _main_clock                              0x08000191   Thumb Code     0  entry7b.o(.ARM.Collect$$$$00000008)
    _main_cpp_init                           0x08000191   Thumb Code     0  entry8b.o(.ARM.Collect$$$$0000000A)
    _main_init                               0x08000191   Thumb Code     0  entry9a.o(.ARM.Collect$$$$0000000B)
    __rt_final_cpp                           0x08000199   Thumb Code     0  entry10a.o(.ARM.Collect$$$$0000000D)
    __rt_final_exit                          0x08000199   Thumb Code     0  entry11a.o(.ARM.Collect$$$$0000000F)
    SVC_Handler                              0x0800019d   Thumb Code    28  port.o(.emb_text)
    __asm___6_port_c_39a90d8d__prvStartFirstTask 0x080001bd   Thumb Code    36  port.o(.emb_text)
    __asm___6_port_c_39a90d8d__prvEnableVFP  0x080001e5   Thumb Code    16  port.o(.emb_text)
    PendSV_Handler                           0x080001f9   Thumb Code    88  port.o(.emb_text)
    vPortGetIPSR                             0x08000255   Thumb Code     6  port.o(.emb_text)
    Reset_Handler                            0x0800025d   Thumb Code     8  startup_stm32f407xx.o(.text)
    ADC_IRQHandler                           0x08000277   Thumb Code     0  startup_stm32f407xx.o(.text)
    CAN1_RX0_IRQHandler                      0x08000277   Thumb Code     0  startup_stm32f407xx.o(.text)
    CAN1_RX1_IRQHandler                      0x08000277   Thumb Code     0  startup_stm32f407xx.o(.text)
    CAN1_SCE_IRQHandler                      0x08000277   Thumb Code     0  startup_stm32f407xx.o(.text)
    CAN1_TX_IRQHandler                       0x08000277   Thumb Code     0  startup_stm32f407xx.o(.text)
    CAN2_RX0_IRQHandler                      0x08000277   Thumb Code     0  startup_stm32f407xx.o(.text)
    CAN2_RX1_IRQHandler                      0x08000277   Thumb Code     0  startup_stm32f407xx.o(.text)
    CAN2_SCE_IRQHandler                      0x08000277   Thumb Code     0  startup_stm32f407xx.o(.text)
    CAN2_TX_IRQHandler                       0x08000277   Thumb Code     0  startup_stm32f407xx.o(.text)
    DCMI_IRQHandler                          0x08000277   Thumb Code     0  startup_stm32f407xx.o(.text)
    DMA1_Stream0_IRQHandler                  0x08000277   Thumb Code     0  startup_stm32f407xx.o(.text)
    DMA1_Stream1_IRQHandler                  0x08000277   Thumb Code     0  startup_stm32f407xx.o(.text)
    DMA1_Stream2_IRQHandler                  0x08000277   Thumb Code     0  startup_stm32f407xx.o(.text)
    DMA1_Stream3_IRQHandler                  0x08000277   Thumb Code     0  startup_stm32f407xx.o(.text)
    DMA1_Stream4_IRQHandler                  0x08000277   Thumb Code     0  startup_stm32f407xx.o(.text)
    DMA1_Stream5_IRQHandler                  0x08000277   Thumb Code     0  startup_stm32f407xx.o(.text)
    DMA1_Stream6_IRQHandler                  0x08000277   Thumb Code     0  startup_stm32f407xx.o(.text)
    DMA1_Stream7_IRQHandler                  0x08000277   Thumb Code     0  startup_stm32f407xx.o(.text)
    DMA2_Stream0_IRQHandler                  0x08000277   Thumb Code     0  startup_stm32f407xx.o(.text)
    DMA2_Stream1_IRQHandler                  0x08000277   Thumb Code     0  startup_stm32f407xx.o(.text)
    DMA2_Stream2_IRQHandler                  0x08000277   Thumb Code     0  startup_stm32f407xx.o(.text)
    DMA2_Stream3_IRQHandler                  0x08000277   Thumb Code     0  startup_stm32f407xx.o(.text)
    DMA2_Stream4_IRQHandler                  0x08000277   Thumb Code     0  startup_stm32f407xx.o(.text)
    DMA2_Stream5_IRQHandler                  0x08000277   Thumb Code     0  startup_stm32f407xx.o(.text)
    DMA2_Stream6_IRQHandler                  0x08000277   Thumb Code     0  startup_stm32f407xx.o(.text)
    DMA2_Stream7_IRQHandler                  0x08000277   Thumb Code     0  startup_stm32f407xx.o(.text)
    ETH_IRQHandler                           0x08000277   Thumb Code     0  startup_stm32f407xx.o(.text)
    ETH_WKUP_IRQHandler                      0x08000277   Thumb Code     0  startup_stm32f407xx.o(.text)
    EXTI0_IRQHandler                         0x08000277   Thumb Code     0  startup_stm32f407xx.o(.text)
    EXTI15_10_IRQHandler                     0x08000277   Thumb Code     0  startup_stm32f407xx.o(.text)
    EXTI1_IRQHandler                         0x08000277   Thumb Code     0  startup_stm32f407xx.o(.text)
    EXTI2_IRQHandler                         0x08000277   Thumb Code     0  startup_stm32f407xx.o(.text)
    EXTI3_IRQHandler                         0x08000277   Thumb Code     0  startup_stm32f407xx.o(.text)
    EXTI4_IRQHandler                         0x08000277   Thumb Code     0  startup_stm32f407xx.o(.text)
    EXTI9_5_IRQHandler                       0x08000277   Thumb Code     0  startup_stm32f407xx.o(.text)
    FLASH_IRQHandler                         0x08000277   Thumb Code     0  startup_stm32f407xx.o(.text)
    FMC_IRQHandler                           0x08000277   Thumb Code     0  startup_stm32f407xx.o(.text)
    FPU_IRQHandler                           0x08000277   Thumb Code     0  startup_stm32f407xx.o(.text)
    HASH_RNG_IRQHandler                      0x08000277   Thumb Code     0  startup_stm32f407xx.o(.text)
    I2C1_ER_IRQHandler                       0x08000277   Thumb Code     0  startup_stm32f407xx.o(.text)
    I2C1_EV_IRQHandler                       0x08000277   Thumb Code     0  startup_stm32f407xx.o(.text)
    I2C2_ER_IRQHandler                       0x08000277   Thumb Code     0  startup_stm32f407xx.o(.text)
    I2C2_EV_IRQHandler                       0x08000277   Thumb Code     0  startup_stm32f407xx.o(.text)
    I2C3_ER_IRQHandler                       0x08000277   Thumb Code     0  startup_stm32f407xx.o(.text)
    I2C3_EV_IRQHandler                       0x08000277   Thumb Code     0  startup_stm32f407xx.o(.text)
    OTG_FS_IRQHandler                        0x08000277   Thumb Code     0  startup_stm32f407xx.o(.text)
    OTG_FS_WKUP_IRQHandler                   0x08000277   Thumb Code     0  startup_stm32f407xx.o(.text)
    OTG_HS_EP1_IN_IRQHandler                 0x08000277   Thumb Code     0  startup_stm32f407xx.o(.text)
    OTG_HS_EP1_OUT_IRQHandler                0x08000277   Thumb Code     0  startup_stm32f407xx.o(.text)
    OTG_HS_IRQHandler                        0x08000277   Thumb Code     0  startup_stm32f407xx.o(.text)
    OTG_HS_WKUP_IRQHandler                   0x08000277   Thumb Code     0  startup_stm32f407xx.o(.text)
    PVD_IRQHandler                           0x08000277   Thumb Code     0  startup_stm32f407xx.o(.text)
    RCC_IRQHandler                           0x08000277   Thumb Code     0  startup_stm32f407xx.o(.text)
    RTC_Alarm_IRQHandler                     0x08000277   Thumb Code     0  startup_stm32f407xx.o(.text)
    RTC_WKUP_IRQHandler                      0x08000277   Thumb Code     0  startup_stm32f407xx.o(.text)
    SDIO_IRQHandler                          0x08000277   Thumb Code     0  startup_stm32f407xx.o(.text)
    SPI1_IRQHandler                          0x08000277   Thumb Code     0  startup_stm32f407xx.o(.text)
    SPI2_IRQHandler                          0x08000277   Thumb Code     0  startup_stm32f407xx.o(.text)
    SPI3_IRQHandler                          0x08000277   Thumb Code     0  startup_stm32f407xx.o(.text)
    TAMP_STAMP_IRQHandler                    0x08000277   Thumb Code     0  startup_stm32f407xx.o(.text)
    TIM1_BRK_TIM9_IRQHandler                 0x08000277   Thumb Code     0  startup_stm32f407xx.o(.text)
    TIM1_CC_IRQHandler                       0x08000277   Thumb Code     0  startup_stm32f407xx.o(.text)
    TIM1_TRG_COM_TIM11_IRQHandler            0x08000277   Thumb Code     0  startup_stm32f407xx.o(.text)
    TIM1_UP_TIM10_IRQHandler                 0x08000277   Thumb Code     0  startup_stm32f407xx.o(.text)
    TIM2_IRQHandler                          0x08000277   Thumb Code     0  startup_stm32f407xx.o(.text)
    TIM3_IRQHandler                          0x08000277   Thumb Code     0  startup_stm32f407xx.o(.text)
    TIM5_IRQHandler                          0x08000277   Thumb Code     0  startup_stm32f407xx.o(.text)
    TIM8_BRK_TIM12_IRQHandler                0x08000277   Thumb Code     0  startup_stm32f407xx.o(.text)
    TIM8_CC_IRQHandler                       0x08000277   Thumb Code     0  startup_stm32f407xx.o(.text)
    TIM8_TRG_COM_TIM14_IRQHandler            0x08000277   Thumb Code     0  startup_stm32f407xx.o(.text)
    TIM8_UP_TIM13_IRQHandler                 0x08000277   Thumb Code     0  startup_stm32f407xx.o(.text)
    UART4_IRQHandler                         0x08000277   Thumb Code     0  startup_stm32f407xx.o(.text)
    UART5_IRQHandler                         0x08000277   Thumb Code     0  startup_stm32f407xx.o(.text)
    USART1_IRQHandler                        0x08000277   Thumb Code     0  startup_stm32f407xx.o(.text)
    USART2_IRQHandler                        0x08000277   Thumb Code     0  startup_stm32f407xx.o(.text)
    USART3_IRQHandler                        0x08000277   Thumb Code     0  startup_stm32f407xx.o(.text)
    USART6_IRQHandler                        0x08000277   Thumb Code     0  startup_stm32f407xx.o(.text)
    WWDG_IRQHandler                          0x08000277   Thumb Code     0  startup_stm32f407xx.o(.text)
    __aeabi_uldivmod                         0x08000281   Thumb Code    98  uldiv.o(.text)
    __aeabi_memcpy                           0x080002e3   Thumb Code    36  memcpya.o(.text)
    __aeabi_memcpy4                          0x080002e3   Thumb Code     0  memcpya.o(.text)
    __aeabi_memcpy8                          0x080002e3   Thumb Code     0  memcpya.o(.text)
    __aeabi_memset                           0x08000307   Thumb Code    14  memseta.o(.text)
    __aeabi_memset4                          0x08000307   Thumb Code     0  memseta.o(.text)
    __aeabi_memset8                          0x08000307   Thumb Code     0  memseta.o(.text)
    __aeabi_memclr                           0x08000315   Thumb Code     4  memseta.o(.text)
    __aeabi_memclr4                          0x08000315   Thumb Code     0  memseta.o(.text)
    __aeabi_memclr8                          0x08000315   Thumb Code     0  memseta.o(.text)
    memset                                   0x08000319   Thumb Code    18  memseta.o(.text)
    __aeabi_dadd                             0x0800032b   Thumb Code   322  dadd.o(.text)
    __aeabi_dsub                             0x0800046d   Thumb Code     6  dadd.o(.text)
    __aeabi_drsub                            0x08000473   Thumb Code     6  dadd.o(.text)
    __aeabi_dmul                             0x08000479   Thumb Code   228  dmul.o(.text)
    __aeabi_ddiv                             0x0800055d   Thumb Code   222  ddiv.o(.text)
    __aeabi_cdrcmple                         0x0800063d   Thumb Code    48  cdrcmple.o(.text)
    __aeabi_uidiv                            0x0800066d   Thumb Code     0  uidiv.o(.text)
    __aeabi_uidivmod                         0x0800066d   Thumb Code    44  uidiv.o(.text)
    __aeabi_llsl                             0x08000699   Thumb Code    30  llshl.o(.text)
    _ll_shift_l                              0x08000699   Thumb Code     0  llshl.o(.text)
    __aeabi_llsr                             0x080006b7   Thumb Code    32  llushr.o(.text)
    _ll_ushift_r                             0x080006b7   Thumb Code     0  llushr.o(.text)
    __aeabi_lasr                             0x080006d7   Thumb Code    36  llsshr.o(.text)
    _ll_sshift_r                             0x080006d7   Thumb Code     0  llsshr.o(.text)
    __I$use$fp                               0x080006fb   Thumb Code     0  iusefp.o(.text)
    _double_round                            0x080006fb   Thumb Code    30  depilogue.o(.text)
    _double_epilogue                         0x08000719   Thumb Code   156  depilogue.o(.text)
    __aeabi_d2ulz                            0x080007b5   Thumb Code    48  dfixul.o(.text)
    __scatterload                            0x080007e5   Thumb Code    28  init.o(.text)
    __scatterload_rt2                        0x080007e5   Thumb Code     0  init.o(.text)
    BusFault_Handler                         0x08000809   Thumb Code     2  stm32f4xx_it.o(i.BusFault_Handler)
    DebugMon_Handler                         0x0800080b   Thumb Code     2  stm32f4xx_it.o(i.DebugMon_Handler)
    HAL_IncTick                              0x0800080d   Thumb Code    12  stm32f4xx_hal.o(i.HAL_IncTick)
    HAL_Init                                 0x0800081d   Thumb Code    48  stm32f4xx_hal.o(i.HAL_Init)
    HAL_InitTick                             0x08000851   Thumb Code   132  stm32f4xx_hal_timebase_tim.o(i.HAL_InitTick)
    HAL_MspInit                              0x080008e9   Thumb Code    52  stm32f4xx_hal_msp.o(i.HAL_MspInit)
    HAL_NVIC_EnableIRQ                       0x08000921   Thumb Code    26  stm32f4xx_hal_cortex.o(i.HAL_NVIC_EnableIRQ)
    HAL_NVIC_SetPriority                     0x0800093d   Thumb Code    60  stm32f4xx_hal_cortex.o(i.HAL_NVIC_SetPriority)
    HAL_NVIC_SetPriorityGrouping             0x0800097d   Thumb Code    26  stm32f4xx_hal_cortex.o(i.HAL_NVIC_SetPriorityGrouping)
    HAL_RCC_GetClockConfig                   0x080009a1   Thumb Code    54  stm32f4xx_hal_rcc.o(i.HAL_RCC_GetClockConfig)
    HAL_RCC_GetPCLK1Freq                     0x080009e1   Thumb Code    20  stm32f4xx_hal_rcc.o(i.HAL_RCC_GetPCLK1Freq)
    HAL_TIMEx_BreakCallback                  0x08000a01   Thumb Code     2  stm32f4xx_hal_tim_ex.o(i.HAL_TIMEx_BreakCallback)
    HAL_TIMEx_CommutCallback                 0x08000a03   Thumb Code     2  stm32f4xx_hal_tim_ex.o(i.HAL_TIMEx_CommutCallback)
    HAL_TIM_Base_Init                        0x08000a05   Thumb Code    90  stm32f4xx_hal_tim.o(i.HAL_TIM_Base_Init)
    HAL_TIM_Base_MspInit                     0x08000a5f   Thumb Code     2  stm32f4xx_hal_tim.o(i.HAL_TIM_Base_MspInit)
    HAL_TIM_Base_Start                       0x08000a61   Thumb Code    90  stm32f4xx_hal_tim.o(i.HAL_TIM_Base_Start)
    HAL_TIM_Base_Start_IT                    0x08000ad9   Thumb Code   100  stm32f4xx_hal_tim.o(i.HAL_TIM_Base_Start_IT)
    HAL_TIM_IC_CaptureCallback               0x08000b59   Thumb Code     2  stm32f4xx_hal_tim.o(i.HAL_TIM_IC_CaptureCallback)
    HAL_TIM_IRQHandler                       0x08000b5b   Thumb Code   304  stm32f4xx_hal_tim.o(i.HAL_TIM_IRQHandler)
    HAL_TIM_OC_DelayElapsedCallback          0x08000c8b   Thumb Code     2  stm32f4xx_hal_tim.o(i.HAL_TIM_OC_DelayElapsedCallback)
    HAL_TIM_PWM_PulseFinishedCallback        0x08000c8d   Thumb Code     2  stm32f4xx_hal_tim.o(i.HAL_TIM_PWM_PulseFinishedCallback)
    HAL_TIM_PeriodElapsedCallback            0x08000c91   Thumb Code    14  main.o(i.HAL_TIM_PeriodElapsedCallback)
    HAL_TIM_TriggerCallback                  0x08000ca5   Thumb Code     2  stm32f4xx_hal_tim.o(i.HAL_TIM_TriggerCallback)
    HardFault_Handler                        0x08000ca7   Thumb Code     2  stm32f4xx_it.o(i.HardFault_Handler)
    Key_Init                                 0x08000ca9   Thumb Code    52  key.o(i.Key_Init)
    LEDToggle_Task                           0x08000ce5   Thumb Code    34  user_tasksinit.o(i.LEDToggle_Task)
    LL_GPIO_Init                             0x08000d25   Thumb Code   310  stm32f4xx_ll_gpio.o(i.LL_GPIO_Init)
    LL_RCC_GetSystemClocksFreq               0x08000e5b   Thumb Code    32  stm32f4xx_ll_rcc.o(i.LL_RCC_GetSystemClocksFreq)
    LL_SetSystemCoreClock                    0x08000e7d   Thumb Code     6  stm32f4xx_ll_utils.o(i.LL_SetSystemCoreClock)
    LL_USART_Init                            0x08000e89   Thumb Code   136  stm32f4xx_ll_usart.o(i.LL_USART_Init)
    MX_FREERTOS_Init                         0x08000fd9   Thumb Code     4  freertos.o(i.MX_FREERTOS_Init)
    MX_GPIO_Init                             0x08000fdd   Thumb Code    64  gpio.o(i.MX_GPIO_Init)
    MX_USART1_UART_Init                      0x08001021   Thumb Code   148  usart.o(i.MX_USART1_UART_Init)
    MemManage_Handler                        0x080010c1   Thumb Code     2  stm32f4xx_it.o(i.MemManage_Handler)
    NMI_Handler                              0x080010c3   Thumb Code     2  stm32f4xx_it.o(i.NMI_Handler)
    RCC_GetHCLKClockFreq                     0x080010c5   Thumb Code    18  stm32f4xx_ll_rcc.o(i.RCC_GetHCLKClockFreq)
    RCC_GetPCLK1ClockFreq                    0x080010e1   Thumb Code    20  stm32f4xx_ll_rcc.o(i.RCC_GetPCLK1ClockFreq)
    RCC_GetPCLK2ClockFreq                    0x080010fd   Thumb Code    20  stm32f4xx_ll_rcc.o(i.RCC_GetPCLK2ClockFreq)
    RCC_GetSystemClockFreq                   0x08001119   Thumb Code    30  stm32f4xx_ll_rcc.o(i.RCC_GetSystemClockFreq)
    RCC_PLL_GetFreqDomain_SYS                0x08001145   Thumb Code    68  stm32f4xx_ll_rcc.o(i.RCC_PLL_GetFreqDomain_SYS)
    SerialSend_Task                          0x08001195   Thumb Code   530  user_tasksinit.o(i.SerialSend_Task)
    SysTick_Handler                          0x080015e5   Thumb Code    26  cmsis_os2.o(i.SysTick_Handler)
    SystemClock_Config                       0x08001601   Thumb Code   188  main.o(i.SystemClock_Config)
    SystemInit                               0x080016d5   Thumb Code    12  system_stm32f4xx.o(i.SystemInit)
    TIM4_IRQHandler                          0x080016e5   Thumb Code     6  stm32f4xx_it.o(i.TIM4_IRQHandler)
    TIM6_DAC_IRQHandler                      0x080016f1   Thumb Code    26  timer.o(i.TIM6_DAC_IRQHandler)
    TIM7_IRQHandler                          0x08001735   Thumb Code    26  timer.o(i.TIM7_IRQHandler)
    TIM_Base_SetConfig                       0x08001779   Thumb Code   170  stm32f4xx_hal_tim.o(i.TIM_Base_SetConfig)
    UsageFault_Handler                       0x08001851   Thumb Code     2  stm32f4xx_it.o(i.UsageFault_Handler)
    User_Tasks_Init                          0x08001855   Thumb Code    44  user_tasksinit.o(i.User_Tasks_Init)
    __0printf                                0x080018ad   Thumb Code    22  printfa.o(i.__0printf)
    __1printf                                0x080018ad   Thumb Code     0  printfa.o(i.__0printf)
    __2printf                                0x080018ad   Thumb Code     0  printfa.o(i.__0printf)
    __c89printf                              0x080018ad   Thumb Code     0  printfa.o(i.__0printf)
    printf                                   0x080018ad   Thumb Code     0  printfa.o(i.__0printf)
    __scatterload_copy                       0x080018ed   Thumb Code    14  handlers.o(i.__scatterload_copy)
    __scatterload_null                       0x080018fb   Thumb Code     2  handlers.o(i.__scatterload_null)
    __scatterload_zeroinit                   0x080018fd   Thumb Code    14  handlers.o(i.__scatterload_zeroinit)
    delay_init                               0x080021a1   Thumb Code    64  delay.o(i.delay_init)
    fputc                                    0x080021ed   Thumb Code    18  usart.o(i.fputc)
    main                                     0x08002205   Thumb Code    40  main.o(i.main)
    osDelay                                  0x0800222d   Thumb Code    26  cmsis_os2.o(i.osDelay)
    osKernelInitialize                       0x08002249   Thumb Code    32  cmsis_os2.o(i.osKernelInitialize)
    osKernelStart                            0x0800226d   Thumb Code    48  cmsis_os2.o(i.osKernelStart)
    pvPortMalloc                             0x08002a39   Thumb Code   216  heap_4.o(i.pvPortMalloc)
    pxPortInitialiseStack                    0x08002b15   Thumb Code    40  port.o(i.pxPortInitialiseStack)
    uxListRemove                             0x08002b41   Thumb Code    38  list.o(i.uxListRemove)
    vApplicationGetIdleTaskMemory            0x08002b69   Thumb Code    16  cmsis_os2.o(i.vApplicationGetIdleTaskMemory)
    vApplicationGetTimerTaskMemory           0x08002b7d   Thumb Code    18  cmsis_os2.o(i.vApplicationGetTimerTaskMemory)
    vListInitialise                          0x08002b95   Thumb Code    22  list.o(i.vListInitialise)
    vListInitialiseItem                      0x08002bab   Thumb Code     6  list.o(i.vListInitialiseItem)
    vListInsert                              0x08002bb1   Thumb Code    48  list.o(i.vListInsert)
    vListInsertEnd                           0x08002be1   Thumb Code    24  list.o(i.vListInsertEnd)
    vPortEnterCritical                       0x08002bf9   Thumb Code    54  port.o(i.vPortEnterCritical)
    vPortExitCritical                        0x08002c39   Thumb Code    34  port.o(i.vPortExitCritical)
    vPortFree                                0x08002c61   Thumb Code    94  heap_4.o(i.vPortFree)
    vPortSetupTimerInterrupt                 0x08002cc5   Thumb Code    32  port.o(i.vPortSetupTimerInterrupt)
    vPortValidateInterruptPriority           0x08002ce9   Thumb Code    74  port.o(i.vPortValidateInterruptPriority)
    vQueueAddToRegistry                      0x08002d3d   Thumb Code    34  queue.o(i.vQueueAddToRegistry)
    vQueueWaitForMessageRestricted           0x08002d65   Thumb Code    68  queue.o(i.vQueueWaitForMessageRestricted)
    vTaskDelay                               0x08002da9   Thumb Code    66  tasks.o(i.vTaskDelay)
    vTaskInternalSetTimeOutState             0x08002df5   Thumb Code    12  tasks.o(i.vTaskInternalSetTimeOutState)
    vTaskMissedYield                         0x08002e05   Thumb Code     8  tasks.o(i.vTaskMissedYield)
    vTaskPlaceOnEventList                    0x08002e11   Thumb Code    44  tasks.o(i.vTaskPlaceOnEventList)
    vTaskPlaceOnEventListRestricted          0x08002e41   Thumb Code    52  tasks.o(i.vTaskPlaceOnEventListRestricted)
    vTaskStartScheduler                      0x08002e79   Thumb Code   118  tasks.o(i.vTaskStartScheduler)
    vTaskSuspendAll                          0x08002f01   Thumb Code    10  tasks.o(i.vTaskSuspendAll)
    vTaskSwitchContext                       0x08002f11   Thumb Code    90  tasks.o(i.vTaskSwitchContext)
    xPortStartScheduler                      0x08002f75   Thumb Code   222  port.o(i.xPortStartScheduler)
    xPortSysTickHandler                      0x08003069   Thumb Code    38  port.o(i.xPortSysTickHandler)
    xQueueGenericCreateStatic                0x08003095   Thumb Code   102  queue.o(i.xQueueGenericCreateStatic)
    xQueueGenericReset                       0x080030fd   Thumb Code   132  queue.o(i.xQueueGenericReset)
    xQueueGenericSend                        0x08003185   Thumb Code   346  queue.o(i.xQueueGenericSend)
    xQueueGenericSendFromISR                 0x080032e5   Thumb Code   190  queue.o(i.xQueueGenericSendFromISR)
    xQueueReceive                            0x080033a5   Thumb Code   308  queue.o(i.xQueueReceive)
    xTaskCheckForTimeOut                     0x080034dd   Thumb Code   112  tasks.o(i.xTaskCheckForTimeOut)
    xTaskCreate                              0x08003551   Thumb Code    90  tasks.o(i.xTaskCreate)
    xTaskCreateStatic                        0x080035ab   Thumb Code    86  tasks.o(i.xTaskCreateStatic)
    xTaskGetSchedulerState                   0x08003601   Thumb Code    22  tasks.o(i.xTaskGetSchedulerState)
    xTaskGetTickCount                        0x0800361d   Thumb Code     6  tasks.o(i.xTaskGetTickCount)
    xTaskIncrementTick                       0x08003629   Thumb Code   192  tasks.o(i.xTaskIncrementTick)
    xTaskPriorityDisinherit                  0x080036f1   Thumb Code   118  tasks.o(i.xTaskPriorityDisinherit)
    xTaskRemoveFromEventList                 0x08003771   Thumb Code    98  tasks.o(i.xTaskRemoveFromEventList)
    xTaskResumeAll                           0x080037e1   Thumb Code   182  tasks.o(i.xTaskResumeAll)
    xTimerCreateTimerTask                    0x080038a5   Thumb Code    78  timers.o(i.xTimerCreateTimerTask)
    xTimerGenericCommand                     0x08003905   Thumb Code    98  timers.o(i.xTimerGenericCommand)
    AHBPrescTable                            0x0800396c   Data          16  system_stm32f4xx.o(.constdata)
    APBPrescTable                            0x0800397c   Data           8  system_stm32f4xx.o(.constdata)
    Region$$Table$$Base                      0x08003bb4   Number         0  anon$$obj.o(Region$$Table)
    Region$$Table$$Limit                     0x08003bd4   Number         0  anon$$obj.o(Region$$Table)
    uwTickFreq                               0x20000000   Data           1  stm32f4xx_hal.o(.data)
    uwTickPrio                               0x20000004   Data           4  stm32f4xx_hal.o(.data)
    uwTick                                   0x20000008   Data           4  stm32f4xx_hal.o(.data)
    SystemCoreClock                          0x2000000c   Data           4  system_stm32f4xx.o(.data)
    pxCurrentTCB                             0x20000010   Data           4  tasks.o(.data)
    LEDToggle_Task_Handler                   0x20000094   Data           4  user_tasksinit.o(.data)
    SerialSend_Task_Handler                  0x20000098   Data           4  user_tasksinit.o(.data)
    __stdout                                 0x2000009c   Data           4  stdout.o(.data)
    htim4                                    0x200000a0   Data          72  stm32f4xx_hal_timebase_tim.o(.bss)
    xQueueRegistry                           0x200000e8   Data          64  queue.o(.bss)
    TestList                                 0x200049bc   Data          20  user_tasksinit.o(.bss)
    ListItem1                                0x200049d0   Data          20  user_tasksinit.o(.bss)
    ListItem2                                0x200049e4   Data          20  user_tasksinit.o(.bss)
    ListItem3                                0x200049f8   Data          20  user_tasksinit.o(.bss)
    __initial_sp                             0x20004e10   Data           0  startup_stm32f407xx.o(STACK)



==============================================================================

Memory Map of the image

  Image Entry point : 0x08000189

  Load Region LR_IROM1 (Base: 0x08000000, Size: 0x00003c74, Max: 0x00100000, ABSOLUTE)

    Execution Region ER_IROM1 (Exec base: 0x08000000, Load base: 0x08000000, Size: 0x00003bd4, Max: 0x00100000, ABSOLUTE)

    Exec Addr    Load Addr    Size         Type   Attr      Idx    E Section Name        Object

    0x08000000   0x08000000   0x00000188   Data   RO            3    RESET               startup_stm32f407xx.o
    0x08000188   0x08000188   0x00000000   Code   RO         5710  * .ARM.Collect$$$$00000000  mc_w.l(entry.o)
    0x08000188   0x08000188   0x00000004   Code   RO         6043    .ARM.Collect$$$$00000001  mc_w.l(entry2.o)
    0x0800018c   0x0800018c   0x00000004   Code   RO         6046    .ARM.Collect$$$$00000004  mc_w.l(entry5.o)
    0x08000190   0x08000190   0x00000000   Code   RO         6048    .ARM.Collect$$$$00000008  mc_w.l(entry7b.o)
    0x08000190   0x08000190   0x00000000   Code   RO         6050    .ARM.Collect$$$$0000000A  mc_w.l(entry8b.o)
    0x08000190   0x08000190   0x00000008   Code   RO         6051    .ARM.Collect$$$$0000000B  mc_w.l(entry9a.o)
    0x08000198   0x08000198   0x00000000   Code   RO         6053    .ARM.Collect$$$$0000000D  mc_w.l(entry10a.o)
    0x08000198   0x08000198   0x00000000   Code   RO         6055    .ARM.Collect$$$$0000000F  mc_w.l(entry11a.o)
    0x08000198   0x08000198   0x00000004   Code   RO         6044    .ARM.Collect$$$$00002712  mc_w.l(entry2.o)
    0x0800019c   0x0800019c   0x000000be   Code   RO         5169    .emb_text           port.o
    0x0800025a   0x0800025a   0x00000002   PAD
    0x0800025c   0x0800025c   0x00000024   Code   RO            4    .text               startup_stm32f407xx.o
    0x08000280   0x08000280   0x00000062   Code   RO         5713    .text               mc_w.l(uldiv.o)
    0x080002e2   0x080002e2   0x00000024   Code   RO         5715    .text               mc_w.l(memcpya.o)
    0x08000306   0x08000306   0x00000024   Code   RO         5719    .text               mc_w.l(memseta.o)
    0x0800032a   0x0800032a   0x0000014e   Code   RO         5986    .text               mf_w.l(dadd.o)
    0x08000478   0x08000478   0x000000e4   Code   RO         5988    .text               mf_w.l(dmul.o)
    0x0800055c   0x0800055c   0x000000de   Code   RO         5990    .text               mf_w.l(ddiv.o)
    0x0800063a   0x0800063a   0x00000002   PAD
    0x0800063c   0x0800063c   0x00000030   Code   RO         6004    .text               mf_w.l(cdrcmple.o)
    0x0800066c   0x0800066c   0x0000002c   Code   RO         6058    .text               mc_w.l(uidiv.o)
    0x08000698   0x08000698   0x0000001e   Code   RO         6060    .text               mc_w.l(llshl.o)
    0x080006b6   0x080006b6   0x00000020   Code   RO         6062    .text               mc_w.l(llushr.o)
    0x080006d6   0x080006d6   0x00000024   Code   RO         6064    .text               mc_w.l(llsshr.o)
    0x080006fa   0x080006fa   0x00000000   Code   RO         6073    .text               mc_w.l(iusefp.o)
    0x080006fa   0x080006fa   0x000000ba   Code   RO         6076    .text               mf_w.l(depilogue.o)
    0x080007b4   0x080007b4   0x00000030   Code   RO         6080    .text               mf_w.l(dfixul.o)
    0x080007e4   0x080007e4   0x00000024   Code   RO         6086    .text               mc_w.l(init.o)
    0x08000808   0x08000808   0x00000002   Code   RO          497    i.BusFault_Handler  stm32f4xx_it.o
    0x0800080a   0x0800080a   0x00000002   Code   RO          498    i.DebugMon_Handler  stm32f4xx_it.o
    0x0800080c   0x0800080c   0x00000010   Code   RO         1891    i.HAL_IncTick       stm32f4xx_hal.o
    0x0800081c   0x0800081c   0x00000034   Code   RO         1892    i.HAL_Init          stm32f4xx_hal.o
    0x08000850   0x08000850   0x00000098   Code   RO          588    i.HAL_InitTick      stm32f4xx_hal_timebase_tim.o
    0x080008e8   0x080008e8   0x00000038   Code   RO          564    i.HAL_MspInit       stm32f4xx_hal_msp.o
    0x08000920   0x08000920   0x0000001a   Code   RO         1727    i.HAL_NVIC_EnableIRQ  stm32f4xx_hal_cortex.o
    0x0800093a   0x0800093a   0x00000002   PAD
    0x0800093c   0x0800093c   0x00000040   Code   RO         1733    i.HAL_NVIC_SetPriority  stm32f4xx_hal_cortex.o
    0x0800097c   0x0800097c   0x00000024   Code   RO         1734    i.HAL_NVIC_SetPriorityGrouping  stm32f4xx_hal_cortex.o
    0x080009a0   0x080009a0   0x00000040   Code   RO          985    i.HAL_RCC_GetClockConfig  stm32f4xx_hal_rcc.o
    0x080009e0   0x080009e0   0x00000020   Code   RO          988    i.HAL_RCC_GetPCLK1Freq  stm32f4xx_hal_rcc.o
    0x08000a00   0x08000a00   0x00000002   Code   RO         2836    i.HAL_TIMEx_BreakCallback  stm32f4xx_hal_tim_ex.o
    0x08000a02   0x08000a02   0x00000002   Code   RO         2837    i.HAL_TIMEx_CommutCallback  stm32f4xx_hal_tim_ex.o
    0x08000a04   0x08000a04   0x0000005a   Code   RO         2132    i.HAL_TIM_Base_Init  stm32f4xx_hal_tim.o
    0x08000a5e   0x08000a5e   0x00000002   Code   RO         2134    i.HAL_TIM_Base_MspInit  stm32f4xx_hal_tim.o
    0x08000a60   0x08000a60   0x00000078   Code   RO         2135    i.HAL_TIM_Base_Start  stm32f4xx_hal_tim.o
    0x08000ad8   0x08000ad8   0x00000080   Code   RO         2137    i.HAL_TIM_Base_Start_IT  stm32f4xx_hal_tim.o
    0x08000b58   0x08000b58   0x00000002   Code   RO         2166    i.HAL_TIM_IC_CaptureCallback  stm32f4xx_hal_tim.o
    0x08000b5a   0x08000b5a   0x00000130   Code   RO         2180    i.HAL_TIM_IRQHandler  stm32f4xx_hal_tim.o
    0x08000c8a   0x08000c8a   0x00000002   Code   RO         2183    i.HAL_TIM_OC_DelayElapsedCallback  stm32f4xx_hal_tim.o
    0x08000c8c   0x08000c8c   0x00000002   Code   RO         2210    i.HAL_TIM_PWM_PulseFinishedCallback  stm32f4xx_hal_tim.o
    0x08000c8e   0x08000c8e   0x00000002   PAD
    0x08000c90   0x08000c90   0x00000014   Code   RO           14    i.HAL_TIM_PeriodElapsedCallback  main.o
    0x08000ca4   0x08000ca4   0x00000002   Code   RO         2223    i.HAL_TIM_TriggerCallback  stm32f4xx_hal_tim.o
    0x08000ca6   0x08000ca6   0x00000002   Code   RO          499    i.HardFault_Handler  stm32f4xx_it.o
    0x08000ca8   0x08000ca8   0x0000003c   Code   RO         5253    i.Key_Init          key.o
    0x08000ce4   0x08000ce4   0x00000028   Code   RO         5641    i.LEDToggle_Task    user_tasksinit.o
    0x08000d0c   0x08000d0c   0x00000018   Code   RO          247    i.LL_AHB1_GRP1_EnableClock  gpio.o
    0x08000d24   0x08000d24   0x00000136   Code   RO          705    i.LL_GPIO_Init      stm32f4xx_ll_gpio.o
    0x08000e5a   0x08000e5a   0x00000020   Code   RO          758    i.LL_RCC_GetSystemClocksFreq  stm32f4xx_ll_rcc.o
    0x08000e7a   0x08000e7a   0x00000002   PAD
    0x08000e7c   0x08000e7c   0x0000000c   Code   RO          860    i.LL_SetSystemCoreClock  stm32f4xx_ll_utils.o
    0x08000e88   0x08000e88   0x000000a0   Code   RO         3108    i.LL_USART_Init     stm32f4xx_ll_usart.o
    0x08000f28   0x08000f28   0x000000b0   Code   RO         3109    i.LL_USART_SetBaudRate  stm32f4xx_ll_usart.o
    0x08000fd8   0x08000fd8   0x00000004   Code   RO          403    i.MX_FREERTOS_Init  freertos.o
    0x08000fdc   0x08000fdc   0x00000044   Code   RO          248    i.MX_GPIO_Init      gpio.o
    0x08001020   0x08001020   0x000000a0   Code   RO          455    i.MX_USART1_UART_Init  usart.o
    0x080010c0   0x080010c0   0x00000002   Code   RO          500    i.MemManage_Handler  stm32f4xx_it.o
    0x080010c2   0x080010c2   0x00000002   Code   RO          501    i.NMI_Handler       stm32f4xx_it.o
    0x080010c4   0x080010c4   0x0000001c   Code   RO          761    i.RCC_GetHCLKClockFreq  stm32f4xx_ll_rcc.o
    0x080010e0   0x080010e0   0x0000001c   Code   RO          762    i.RCC_GetPCLK1ClockFreq  stm32f4xx_ll_rcc.o
    0x080010fc   0x080010fc   0x0000001c   Code   RO          763    i.RCC_GetPCLK2ClockFreq  stm32f4xx_ll_rcc.o
    0x08001118   0x08001118   0x0000002c   Code   RO          764    i.RCC_GetSystemClockFreq  stm32f4xx_ll_rcc.o
    0x08001144   0x08001144   0x00000050   Code   RO          767    i.RCC_PLL_GetFreqDomain_SYS  stm32f4xx_ll_rcc.o
    0x08001194   0x08001194   0x00000450   Code   RO         5642    i.SerialSend_Task   user_tasksinit.o
    0x080015e4   0x080015e4   0x0000001a   Code   RO         4597    i.SysTick_Handler   cmsis_os2.o
    0x080015fe   0x080015fe   0x00000002   PAD
    0x08001600   0x08001600   0x000000d4   Code   RO           15    i.SystemClock_Config  main.o
    0x080016d4   0x080016d4   0x00000010   Code   RO         3422    i.SystemInit        system_stm32f4xx.o
    0x080016e4   0x080016e4   0x0000000c   Code   RO          502    i.TIM4_IRQHandler   stm32f4xx_it.o
    0x080016f0   0x080016f0   0x00000044   Code   RO          629    i.TIM6_DAC_IRQHandler  timer.o
    0x08001734   0x08001734   0x00000044   Code   RO          631    i.TIM7_IRQHandler   timer.o
    0x08001778   0x08001778   0x000000d8   Code   RO         2225    i.TIM_Base_SetConfig  stm32f4xx_hal_tim.o
    0x08001850   0x08001850   0x00000002   Code   RO          503    i.UsageFault_Handler  stm32f4xx_it.o
    0x08001852   0x08001852   0x00000002   PAD
    0x08001854   0x08001854   0x00000058   Code   RO         5643    i.User_Tasks_Init   user_tasksinit.o
    0x080018ac   0x080018ac   0x00000020   Code   RO         5958    i.__0printf         mc_w.l(printfa.o)
    0x080018cc   0x080018cc   0x00000020   Code   RO         1740    i.__NVIC_SetPriority  stm32f4xx_hal_cortex.o
    0x080018ec   0x080018ec   0x0000000e   Code   RO         6090    i.__scatterload_copy  mc_w.l(handlers.o)
    0x080018fa   0x080018fa   0x00000002   Code   RO         6091    i.__scatterload_null  mc_w.l(handlers.o)
    0x080018fc   0x080018fc   0x0000000e   Code   RO         6092    i.__scatterload_zeroinit  mc_w.l(handlers.o)
    0x0800190a   0x0800190a   0x00000002   PAD
    0x0800190c   0x0800190c   0x00000164   Code   RO         5965    i._fp_digits        mc_w.l(printfa.o)
    0x08001a70   0x08001a70   0x000006dc   Code   RO         5966    i._printf_core      mc_w.l(printfa.o)
    0x0800214c   0x0800214c   0x00000024   Code   RO         5967    i._printf_post_padding  mc_w.l(printfa.o)
    0x08002170   0x08002170   0x0000002e   Code   RO         5968    i._printf_pre_padding  mc_w.l(printfa.o)
    0x0800219e   0x0800219e   0x00000002   PAD
    0x080021a0   0x080021a0   0x0000004c   Code   RO         5600    i.delay_init        delay.o
    0x080021ec   0x080021ec   0x00000018   Code   RO          456    i.fputc             usart.o
    0x08002204   0x08002204   0x00000028   Code   RO           16    i.main              main.o
    0x0800222c   0x0800222c   0x0000001a   Code   RO         4599    i.osDelay           cmsis_os2.o
    0x08002246   0x08002246   0x00000002   PAD
    0x08002248   0x08002248   0x00000024   Code   RO         4613    i.osKernelInitialize  cmsis_os2.o
    0x0800226c   0x0800226c   0x00000038   Code   RO         4616    i.osKernelStart     cmsis_os2.o
    0x080022a4   0x080022a4   0x0000005c   Code   RO         4058    i.prvAddCurrentTaskToDelayedList  tasks.o
    0x08002300   0x08002300   0x000000d0   Code   RO         4059    i.prvAddNewTaskToReadyList  tasks.o
    0x080023d0   0x080023d0   0x00000058   Code   RO         4423    i.prvCheckForValidListAndQueue  timers.o
    0x08002428   0x08002428   0x00000026   Code   RO         3655    i.prvCopyDataFromQueue  queue.o
    0x0800244e   0x0800244e   0x0000006c   Code   RO         3656    i.prvCopyDataToQueue  queue.o
    0x080024ba   0x080024ba   0x00000034   Code   RO         4060    i.prvDeleteTCB      tasks.o
    0x080024ee   0x080024ee   0x00000002   PAD
    0x080024f0   0x080024f0   0x0000004c   Code   RO         5114    i.prvHeapInit       heap_4.o
    0x0800253c   0x0800253c   0x00000060   Code   RO         4061    i.prvIdleTask       tasks.o
    0x0800259c   0x0800259c   0x00000022   Code   RO         3658    i.prvInitialiseNewQueue  queue.o
    0x080025be   0x080025be   0x00000002   PAD
    0x080025c0   0x080025c0   0x000000b0   Code   RO         4062    i.prvInitialiseNewTask  tasks.o
    0x08002670   0x08002670   0x0000004c   Code   RO         5115    i.prvInsertBlockIntoFreeList  heap_4.o
    0x080026bc   0x080026bc   0x00000038   Code   RO         4425    i.prvInsertTimerInActiveList  timers.o
    0x080026f4   0x080026f4   0x0000001c   Code   RO         3659    i.prvIsQueueEmpty   queue.o
    0x08002710   0x08002710   0x000000fc   Code   RO         4426    i.prvProcessReceivedCommands  timers.o
    0x0800280c   0x0800280c   0x000000c0   Code   RO         4427    i.prvProcessTimerOrBlockTask  timers.o
    0x080028cc   0x080028cc   0x00000020   Code   RO         4064    i.prvResetNextTaskUnblockTime  tasks.o
    0x080028ec   0x080028ec   0x00000028   Code   RO         4428    i.prvSampleTimeNow  timers.o
    0x08002914   0x08002914   0x0000006c   Code   RO         4429    i.prvSwitchTimerLists  timers.o
    0x08002980   0x08002980   0x00000028   Code   RO         5170    i.prvTaskExitError  port.o
    0x080029a8   0x080029a8   0x00000024   Code   RO         4430    i.prvTimerTask      timers.o
    0x080029cc   0x080029cc   0x0000006a   Code   RO         3660    i.prvUnlockQueue    queue.o
    0x08002a36   0x08002a36   0x00000002   PAD
    0x08002a38   0x08002a38   0x000000dc   Code   RO         5116    i.pvPortMalloc      heap_4.o
    0x08002b14   0x08002b14   0x0000002c   Code   RO         5171    i.pxPortInitialiseStack  port.o
    0x08002b40   0x08002b40   0x00000026   Code   RO         3615    i.uxListRemove      list.o
    0x08002b66   0x08002b66   0x00000002   PAD
    0x08002b68   0x08002b68   0x00000014   Code   RO         4670    i.vApplicationGetIdleTaskMemory  cmsis_os2.o
    0x08002b7c   0x08002b7c   0x00000018   Code   RO         4671    i.vApplicationGetTimerTaskMemory  cmsis_os2.o
    0x08002b94   0x08002b94   0x00000016   Code   RO         3616    i.vListInitialise   list.o
    0x08002baa   0x08002baa   0x00000006   Code   RO         3617    i.vListInitialiseItem  list.o
    0x08002bb0   0x08002bb0   0x00000030   Code   RO         3618    i.vListInsert       list.o
    0x08002be0   0x08002be0   0x00000018   Code   RO         3619    i.vListInsertEnd    list.o
    0x08002bf8   0x08002bf8   0x00000040   Code   RO         5173    i.vPortEnterCritical  port.o
    0x08002c38   0x08002c38   0x00000028   Code   RO         5174    i.vPortExitCritical  port.o
    0x08002c60   0x08002c60   0x00000064   Code   RO         5117    i.vPortFree         heap_4.o
    0x08002cc4   0x08002cc4   0x00000024   Code   RO         5175    i.vPortSetupTimerInterrupt  port.o
    0x08002ce8   0x08002ce8   0x00000054   Code   RO         5176    i.vPortValidateInterruptPriority  port.o
    0x08002d3c   0x08002d3c   0x00000028   Code   RO         3666    i.vQueueAddToRegistry  queue.o
    0x08002d64   0x08002d64   0x00000044   Code   RO         3670    i.vQueueWaitForMessageRestricted  queue.o
    0x08002da8   0x08002da8   0x0000004c   Code   RO         4077    i.vTaskDelay        tasks.o
    0x08002df4   0x08002df4   0x00000010   Code   RO         4082    i.vTaskInternalSetTimeOutState  tasks.o
    0x08002e04   0x08002e04   0x0000000c   Code   RO         4083    i.vTaskMissedYield  tasks.o
    0x08002e10   0x08002e10   0x00000030   Code   RO         4085    i.vTaskPlaceOnEventList  tasks.o
    0x08002e40   0x08002e40   0x00000038   Code   RO         4086    i.vTaskPlaceOnEventListRestricted  tasks.o
    0x08002e78   0x08002e78   0x00000088   Code   RO         4094    i.vTaskStartScheduler  tasks.o
    0x08002f00   0x08002f00   0x00000010   Code   RO         4096    i.vTaskSuspendAll   tasks.o
    0x08002f10   0x08002f10   0x00000064   Code   RO         4097    i.vTaskSwitchContext  tasks.o
    0x08002f74   0x08002f74   0x000000f4   Code   RO         5177    i.xPortStartScheduler  port.o
    0x08003068   0x08003068   0x0000002c   Code   RO         5178    i.xPortSysTickHandler  port.o
    0x08003094   0x08003094   0x00000066   Code   RO         3676    i.xQueueGenericCreateStatic  queue.o
    0x080030fa   0x080030fa   0x00000002   PAD
    0x080030fc   0x080030fc   0x00000088   Code   RO         3677    i.xQueueGenericReset  queue.o
    0x08003184   0x08003184   0x00000160   Code   RO         3678    i.xQueueGenericSend  queue.o
    0x080032e4   0x080032e4   0x000000be   Code   RO         3679    i.xQueueGenericSendFromISR  queue.o
    0x080033a2   0x080033a2   0x00000002   PAD
    0x080033a4   0x080033a4   0x00000138   Code   RO         3688    i.xQueueReceive     queue.o
    0x080034dc   0x080034dc   0x00000074   Code   RO         4099    i.xTaskCheckForTimeOut  tasks.o
    0x08003550   0x08003550   0x0000005a   Code   RO         4100    i.xTaskCreate       tasks.o
    0x080035aa   0x080035aa   0x00000056   Code   RO         4101    i.xTaskCreateStatic  tasks.o
    0x08003600   0x08003600   0x0000001c   Code   RO         4105    i.xTaskGetSchedulerState  tasks.o
    0x0800361c   0x0800361c   0x0000000c   Code   RO         4106    i.xTaskGetTickCount  tasks.o
    0x08003628   0x08003628   0x000000c8   Code   RO         4108    i.xTaskIncrementTick  tasks.o
    0x080036f0   0x080036f0   0x00000080   Code   RO         4111    i.xTaskPriorityDisinherit  tasks.o
    0x08003770   0x08003770   0x00000070   Code   RO         4113    i.xTaskRemoveFromEventList  tasks.o
    0x080037e0   0x080037e0   0x000000c4   Code   RO         4114    i.xTaskResumeAll    tasks.o
    0x080038a4   0x080038a4   0x00000060   Code   RO         4439    i.xTimerCreateTimerTask  timers.o
    0x08003904   0x08003904   0x00000068   Code   RO         4440    i.xTimerGenericCommand  timers.o
    0x0800396c   0x0800396c   0x00000010   Data   RO         3423    .constdata          system_stm32f4xx.o
    0x0800397c   0x0800397c   0x00000008   Data   RO         3424    .constdata          system_stm32f4xx.o
    0x08003984   0x08003984   0x00000230   Data   RO         5645    .conststring        user_tasksinit.o
    0x08003bb4   0x08003bb4   0x00000020   Data   RO         6088    Region$$Table       anon$$obj.o


    Execution Region RW_IRAM1 (Exec base: 0x20000000, Load base: 0x08003bd4, Size: 0x00004e10, Max: 0x0001c000, ABSOLUTE)

    Exec Addr    Load Addr    Size         Type   Attr      Idx    E Section Name        Object

    0x20000000   0x08003bd4   0x0000000c   Data   RW         1899    .data               stm32f4xx_hal.o
    0x2000000c   0x08003be0   0x00000004   Data   RW         3425    .data               system_stm32f4xx.o
    0x20000010   0x08003be4   0x0000003c   Data   RW         4117    .data               tasks.o
    0x2000004c   0x08003c20   0x00000014   Data   RW         4448    .data               timers.o
    0x20000060   0x08003c34   0x00000004   Data   RW         4673    .data               cmsis_os2.o
    0x20000064   0x08003c38   0x00000020   Data   RW         5123    .data               heap_4.o
    0x20000084   0x08003c58   0x0000000c   Data   RW         5179    .data               port.o
    0x20000090   0x08003c64   0x00000004   Data   RW         5603    .data               delay.o
    0x20000094   0x08003c68   0x00000008   Data   RW         5646    .data               user_tasksinit.o
    0x2000009c   0x08003c70   0x00000004   Data   RW         6057    .data               mc_w.l(stdout.o)
    0x200000a0        -       0x00000048   Zero   RW          591    .bss                stm32f4xx_hal_timebase_tim.o
    0x200000e8        -       0x00000040   Zero   RW         3692    .bss                queue.o
    0x20000128        -       0x000004c4   Zero   RW         4116    .bss                tasks.o
    0x200005ec        -       0x00000118   Zero   RW         4447    .bss                timers.o
    0x20000704        -       0x000006b8   Zero   RW         4672    .bss                cmsis_os2.o
    0x20000dbc        -       0x00003c00   Zero   RW         5122    .bss                heap_4.o
    0x200049bc        -       0x00000050   Zero   RW         5644    .bss                user_tasksinit.o
    0x20004a0c   0x08003c74   0x00000004   PAD
    0x20004a10        -       0x00000400   Zero   RW            1    STACK               startup_stm32f407xx.o


    Execution Region RW_IRAM2 (Exec base: 0x2001c000, Load base: 0x08003c74, Size: 0x00000000, Max: 0x00004000, ABSOLUTE)

    **** No section assigned to this execution region ****


==============================================================================

Image component sizes


      Code (inc. data)   RO Data    RW Data    ZI Data      Debug   Object Name

       188         22          0          4       1720      64625   cmsis_os2.o
         0          0          0          0          0       7168   croutine.o
        76         12          0          4          0       1236   delay.o
         0          0          0          0          0      19664   event_groups.o
         4          0          0          0          0        495   freertos.o
        92         10          0          0          0     707063   gpio.o
       472         24          0         32      15360       5111   heap_4.o
        60          8          0          0          0       4779   key.o
       138          0          0          0          0       3790   list.o
       272         30          0          0          0     656904   main.o
       786         82          0         12          0      11989   port.o
      1514         20          0          0         64      18008   queue.o
        36          8        392          0       1024        876   startup_stm32f407xx.o
        68          8          0         12          0       7744   stm32f4xx_hal.o
       158         14          0          0          0      33238   stm32f4xx_hal_cortex.o
        56          4          0          0          0        946   stm32f4xx_hal_msp.o
        96         22          0          0          0       2038   stm32f4xx_hal_rcc.o
       868        104          0          0          0       8637   stm32f4xx_hal_tim.o
         4          0          0          0          0       1749   stm32f4xx_hal_tim_ex.o
       152         20          0          0         72       1599   stm32f4xx_hal_timebase_tim.o
        24          6          0          0          0       3531   stm32f4xx_it.o
       310          0          0          0          0       7295   stm32f4xx_ll_gpio.o
       240         52          0          0          0      28071   stm32f4xx_ll_rcc.o
       336         24          0          0          0      16544   stm32f4xx_ll_usart.o
        12          6          0          0          0       8092   stm32f4xx_ll_utils.o
         0          0          0          0          0        400   stream_buffer.o
        16          4         24          4          0       1247   system_stm32f4xx.o
      2084        168          0         60       1220      27944   tasks.o
       136         84          0          0          0      26720   timer.o
       972         80          0         20        280      32807   timers.o
       184         18          0          0          0      24034   usart.o
      1232        624        560          8         80       6661   user_tasksinit.o

    ----------------------------------------------------------------------
     10612       1454       1008        156      19824    1741005   Object Totals
         0          0         32          0          0          0   (incl. Generated)
        26          0          0          0          4          0   (incl. Padding)

    ----------------------------------------------------------------------

      Code (inc. data)   RO Data    RW Data    ZI Data      Debug   Library Member Name

         0          0          0          0          0          0   entry.o
         0          0          0          0          0          0   entry10a.o
         0          0          0          0          0          0   entry11a.o
         8          4          0          0          0          0   entry2.o
         4          0          0          0          0          0   entry5.o
         0          0          0          0          0          0   entry7b.o
         0          0          0          0          0          0   entry8b.o
         8          4          0          0          0          0   entry9a.o
        30          0          0          0          0          0   handlers.o
        36          8          0          0          0         68   init.o
         0          0          0          0          0          0   iusefp.o
        30          0          0          0          0         68   llshl.o
        36          0          0          0          0         68   llsshr.o
        32          0          0          0          0         68   llushr.o
        36          0          0          0          0         68   memcpya.o
        36          0          0          0          0        108   memseta.o
      2226         90          0          0          0        444   printfa.o
         0          0          0          4          0          0   stdout.o
        44          0          0          0          0         80   uidiv.o
        98          0          0          0          0         92   uldiv.o
        48          0          0          0          0         68   cdrcmple.o
       334          0          0          0          0        148   dadd.o
       222          0          0          0          0        100   ddiv.o
       186          0          0          0          0        176   depilogue.o
        48          0          0          0          0         68   dfixul.o
       228          0          0          0          0         96   dmul.o

    ----------------------------------------------------------------------
      3696        106          0          4          0       1720   Library Totals
         6          0          0          0          0          0   (incl. Padding)

    ----------------------------------------------------------------------

      Code (inc. data)   RO Data    RW Data    ZI Data      Debug   Library Name

      2624        106          0          4          0       1064   mc_w.l
      1066          0          0          0          0        656   mf_w.l

    ----------------------------------------------------------------------
      3696        106          0          4          0       1720   Library Totals

    ----------------------------------------------------------------------

==============================================================================


      Code (inc. data)   RO Data    RW Data    ZI Data      Debug   

     14308       1560       1008        160      19824    1730445   Grand Totals
     14308       1560       1008        160      19824    1730445   ELF Image Totals
     14308       1560       1008        160          0          0   ROM Totals

==============================================================================

    Total RO  Size (Code + RO Data)                15316 (  14.96kB)
    Total RW  Size (RW Data + ZI Data)             19984 (  19.52kB)
    Total ROM Size (Code + RO Data + RW Data)      15476 (  15.11kB)

==============================================================================

